MPLINK 4.44, Linker
Linker Map File - Created Tue Jan 22 10:42:53 2013

                                 Section Info
                  Section       Type    Address   Location Size(Bytes)
                ---------  ---------  ---------  ---------  ---------
               _entry_scn       code   0x000000    program   0x000006
REMAPPED_HIGH_INTERRUPT_VECTOR       code   0x000008    program   0x000006
REMAPPED_LOW_INTERRUPT_VECTOR       code   0x000018    program   0x000006
                   .cinit    romdata   0x00002a    program   0x00000e
       .code_usb_device.o       code   0x000038    program   0x0012fe
             .code_main.o       code   0x001336    program   0x00059c
 .code_usb_function_hid.o       code   0x0018d2    program   0x0000d8
.romdata_usb_descriptors.o    romdata   0x0019aa    program   0x00009f
        .romdata___init.o    romdata   0x001a49    program   0x000000
        .idata___init.o_i    romdata   0x001a49    program   0x000000
          .romdata_main.o    romdata   0x001a49    program   0x000000
    .romdata_usb_device.o    romdata   0x001a49    program   0x000000
         .idata_c018i.o_i    romdata   0x001a49    program   0x000000
         .romdata_c018i.o    romdata   0x001a49    program   0x000000
.idata_usb_descriptors.o_i    romdata   0x001a49    program   0x000000
    .idata_usb_device.o_i    romdata   0x001a49    program   0x000000
.idata_usb_function_hid.o_i    romdata   0x001a49    program   0x000000
.romdata_usb_function_hid.o    romdata   0x001a49    program   0x000000
  .code_usb_descriptors.o       code   0x001a4a    program   0x000000
               _cinit_scn       code   0x001a4a    program   0x00009e
            .code_c018i.o       code   0x001a4a    program   0x000000
                   STRING       code   0x001ae8    program   0x000034
                    .code       code   0x001b1c    program   0x000020
             _startup_scn       code   0x001b3c    program   0x00001c
           .code___init.o       code   0x001b58    program   0x000002
          .idata_main.o_i    romdata   0x001b5a    program   0x000009
    .config_300000_main.o    romdata   0x300000    program   0x000001
    .config_300001_main.o    romdata   0x300001    program   0x000001
    .config_300002_main.o    romdata   0x300002    program   0x000001
    .config_300003_main.o    romdata   0x300003    program   0x000001
    .config_300005_main.o    romdata   0x300005    program   0x000001
    .config_300006_main.o    romdata   0x300006    program   0x000001
    .config_300008_main.o    romdata   0x300008    program   0x000001
                MATH_DATA      udata   0x000000       data   0x00000b
                 .tmpdata      udata   0x00000b       data   0x000003
      .udata_usb_device.o      udata   0x000060       data   0x00002e
           .udata_c018i.o      udata   0x00008e       data   0x00000a
            .idata_main.o      idata   0x000098       data   0x000009
            .udata_main.o      udata   0x0000a1       data   0x000003
.udata_usb_function_hid.o      udata   0x0000a4       data   0x000002
          .idata___init.o      idata   0x0000a6       data   0x000000
          .udata___init.o      udata   0x0000a6       data   0x000000
      .idata_usb_device.o      idata   0x0000a6       data   0x000000
.idata_usb_function_hid.o      idata   0x0000a6       data   0x000000
 .idata_usb_descriptors.o      idata   0x0000a6       data   0x000000
 .udata_usb_descriptors.o      udata   0x0000a6       data   0x000000
           .idata_c018i.o      idata   0x0000a6       data   0x000000
                   .stack      udata   0x000100       data   0x000040
                  USB_BDT      udata   0x000200       data   0x000030
                  usbram2      udata   0x000230       data   0x000080
              SFR_BANKED0      udata   0x000f53       data   0x00000d
            SFR_UNBANKED0      udata   0x000f60       data   0x0000a0



                              Program Memory Usage 
                               Start         End      
                           ---------   ---------      
                            0x000000    0x000005      
                            0x000008    0x00000d      
                            0x000018    0x00001d      
                            0x00002a    0x001a48      
                            0x001a4a    0x001b62      
                            0x300000    0x300003      
                            0x300005    0x300006      
                            0x300008    0x300008      
            6993 out of 16408 program addresses used, program memory utilization is 42%



                              Symbols - Sorted by Name
                     Name    Address   Location    Storage File                     
                ---------  ---------  ---------  --------- ---------                
           BlinkUSBStatus   0x0016ea    program     extern C:\Documents and Settings\bant\デスクトップ\新しいフォルダ (5)\PIC_Prog\USB_Watt_Meter\main.c
                ProcessIO   0x001450    program     extern C:\Documents and Settings\bant\デスクトップ\新しいフォルダ (5)\PIC_Prog\USB_Watt_Meter\main.c
        Remapped_High_ISR   0x000008    program     extern C:\Documents and Settings\bant\デスクトップ\新しいフォルダ (5)\PIC_Prog\USB_Watt_Meter\main.c
         Remapped_Low_ISR   0x000018    program     extern C:\Documents and Settings\bant\デスクトップ\新しいフォルダ (5)\PIC_Prog\USB_Watt_Meter\main.c
       USBCBCheckOtherReq   0x0017ae    program     extern C:\Documents and Settings\bant\デスクトップ\新しいフォルダ (5)\PIC_Prog\USB_Watt_Meter\main.c
        USBCBErrorHandler   0x0017ac    program     extern C:\Documents and Settings\bant\デスクトップ\新しいフォルダ (5)\PIC_Prog\USB_Watt_Meter\main.c
              USBCBInitEP   0x0017b4    program     extern C:\Documents and Settings\bant\デスクトップ\新しいフォルダ (5)\PIC_Prog\USB_Watt_Meter\main.c
          USBCBSendResume   0x0017ec    program     extern C:\Documents and Settings\bant\デスクトップ\新しいフォルダ (5)\PIC_Prog\USB_Watt_Meter\main.c
    USBCBStdSetDscHandler   0x0017b2    program     extern C:\Documents and Settings\bant\デスクトップ\新しいフォルダ (5)\PIC_Prog\USB_Watt_Meter\main.c
             USBCBSuspend   0x0017a6    program     extern C:\Documents and Settings\bant\デスクトップ\新しいフォルダ (5)\PIC_Prog\USB_Watt_Meter\main.c
     USBCBWakeFromSuspend   0x0017a8    program     extern C:\Documents and Settings\bant\デスクトップ\新しいフォルダ (5)\PIC_Prog\USB_Watt_Meter\main.c
        USBCB_SOF_Handler   0x0017aa    program     extern C:\Documents and Settings\bant\デスクトップ\新しいフォルダ (5)\PIC_Prog\USB_Watt_Meter\main.c
              USBCancelIO   0x00051e    program     extern C:\tools\Microchip\Microchip Solutions\Microchip\USB\usb_device.c
       USBCheckHIDRequest   0x0018d2    program     extern C:\tools\Microchip\Microchip Solutions\Microchip\USB\HID Device Driver\usb_function_hid.c
       USBCheckStdRequest   0x000fe0    program     static C:\tools\Microchip\Microchip Solutions\Microchip\USB\usb_device.c
     USBConfigureEndpoint   0x00072c    program     static C:\tools\Microchip\Microchip Solutions\Microchip\USB\usb_device.c
  USBCtrlEPAllowDataStage   0x0006ac    program     extern C:\tools\Microchip\Microchip Solutions\Microchip\USB\usb_device.c
USBCtrlEPAllowStatusStage   0x00060a    program     extern C:\tools\Microchip\Microchip Solutions\Microchip\USB\usb_device.c
         USBCtrlEPService   0x000dae    program     static C:\tools\Microchip\Microchip Solutions\Microchip\USB\usb_device.c
 USBCtrlEPServiceComplete   0x0007e6    program     static C:\tools\Microchip\Microchip Solutions\Microchip\USB\usb_device.c
      USBCtrlTrfInHandler   0x000f26    program     static C:\tools\Microchip\Microchip Solutions\Microchip\USB\usb_device.c
     USBCtrlTrfOutHandler   0x000edc    program     static C:\tools\Microchip\Microchip Solutions\Microchip\USB\usb_device.c
      USBCtrlTrfRxService   0x00096c    program     static C:\tools\Microchip\Microchip Solutions\Microchip\USB\usb_device.c
   USBCtrlTrfSetupHandler   0x000e7e    program     static C:\tools\Microchip\Microchip Solutions\Microchip\USB\usb_device.c
      USBCtrlTrfTxService   0x0008a8    program     static C:\tools\Microchip\Microchip Solutions\Microchip\USB\usb_device.c
          USBDeviceAttach   0x0005da    program     extern C:\tools\Microchip\Microchip Solutions\Microchip\USB\usb_device.c
          USBDeviceDetach   0x0005ce    program     extern C:\tools\Microchip\Microchip Solutions\Microchip\USB\usb_device.c
            USBDeviceInit   0x000038    program     extern C:\tools\Microchip\Microchip Solutions\Microchip\USB\usb_device.c
           USBDeviceTasks   0x000158    program     extern C:\tools\Microchip\Microchip Solutions\Microchip\USB\usb_device.c
        USBEnableEndpoint   0x0002ca    program     extern C:\tools\Microchip\Microchip Solutions\Microchip\USB\usb_device.c
         USBStallEndpoint   0x00043e    program     extern C:\tools\Microchip\Microchip Solutions\Microchip\USB\usb_device.c
          USBStallHandler   0x000d22    program     static C:\tools\Microchip\Microchip Solutions\Microchip\USB\usb_device.c
  USBStdFeatureReqHandler   0x0010a8    program     static C:\tools\Microchip\Microchip Solutions\Microchip\USB\usb_device.c
      USBStdGetDscHandler   0x000b92    program     static C:\tools\Microchip\Microchip Solutions\Microchip\USB\usb_device.c
   USBStdGetStatusHandler   0x000c52    program     static C:\tools\Microchip\Microchip Solutions\Microchip\USB\usb_device.c
      USBStdSetCfgHandler   0x000aac    program     static C:\tools\Microchip\Microchip Solutions\Microchip\USB\usb_device.c
               USBSuspend   0x000d56    program     static C:\tools\Microchip\Microchip Solutions\Microchip\USB\usb_device.c
     USBTransferOnePacket   0x000338    program     extern C:\tools\Microchip\Microchip Solutions\Microchip\USB\usb_device.c
       USBWakeFromSuspend   0x000d80    program     static C:\tools\Microchip\Microchip Solutions\Microchip\USB\usb_device.c
               USB_CD_Ptr   0x001a41    program     extern C:\Documents and Settings\bant\デスクトップ\新しいフォルダ (5)\PIC_Prog\USB_Watt_Meter\usb_descriptors.c
               USB_SD_Ptr   0x001a43    program     extern C:\Documents and Settings\bant\デスクトップ\新しいフォルダ (5)\PIC_Prog\USB_Watt_Meter\usb_descriptors.c
USER_USB_CALLBACK_EVENT_HANDLER   0x001834    program     extern C:\Documents and Settings\bant\デスクトップ\新しいフォルダ (5)\PIC_Prog\USB_Watt_Meter\main.c
  YourHighPriorityISRCode   0x001336    program     extern C:\Documents and Settings\bant\デスクトップ\新しいフォルダ (5)\PIC_Prog\USB_Watt_Meter\main.c
   YourLowPriorityISRCode   0x0013cc    program     extern C:\Documents and Settings\bant\デスクトップ\新しいフォルダ (5)\PIC_Prog\USB_Watt_Meter\main.c
              _2jContinue   0x001b08    program     static D:\3.43\pic18-lt\cxx-framework\src\traditional\stdclib\memset.asm
                   _3jEnd   0x001b12    program     static D:\3.43\pic18-lt\cxx-framework\src\traditional\stdclib\memset.asm
           ___?:_lbl00011   0x00146c    program     static                          
           ___?:_lbl00012   0x00145c    program     static                          
           ___?:_lbl00015   0x0014c6    program     static                          
           ___?:_lbl00016   0x0014b6    program     static                          
           ___?:_lbl00025   0x001564    program     static                          
           ___?:_lbl00026   0x001554    program     static                          
           ___?:_lbl00032   0x0015d2    program     static                          
           ___?:_lbl00033   0x0015c2    program     static                          
           ___?:_lbl00048   0x00168e    program     static                          
           ___?:_lbl00049   0x00167e    program     static                          
     ___case_255_lbl00051   0x0016bc    program     static                          
      ___case_48_lbl00014   0x00149e    program     static                          
      ___case_49_lbl00020   0x0014f4    program     static                          
      ___case_50_lbl00031   0x001592    program     static                          
      ___case_51_lbl00039   0x001600    program     static                          
      ___default_lbl00052   0x0016c0    program     static                          
         ___else_lbl00019   0x001500    program     static                          
         ___else_lbl00022   0x00150e    program     static                          
         ___else_lbl00024   0x00151c    program     static                          
         ___else_lbl00030   0x00159e    program     static                          
         ___else_lbl00038   0x00161e    program     static                          
         ___else_lbl00043   0x001644    program     static                          
         ___else_lbl00047   0x00166a    program     static                          
           ___if_lbl00017   0x0014f2    program     static                          
           ___if_lbl00018   0x001502    program     static                          
           ___if_lbl00021   0x001510    program     static                          
           ___if_lbl00023   0x00151e    program     static                          
           ___if_lbl00027   0x001590    program     static                          
           ___if_lbl00028   0x0015a8    program     static                          
           ___if_lbl00029   0x0015a8    program     static                          
           ___if_lbl00034   0x0015fe    program     static                          
           ___if_lbl00037   0x001626    program     static                          
           ___if_lbl00042   0x00164c    program     static                          
           ___if_lbl00046   0x001672    program     static                          
           ___if_lbl00050   0x0016ba    program     static                          
           ___if_lbl00053   0x0016e8    program     static                          
       ___return_lbl00000   0x00000c    program     static                          
       ___return_lbl00000   0x000004    program     static                          
       ___return_lbl00001   0x001b56    program     static                          
       ___return_lbl00001   0x00001c    program     static                          
       ___return_lbl00002   0x001ae6    program     static                          
       ___return_lbl00010   0x0016e8    program     static                          
   ___switchexit_lbl00013   0x0016c2    program     static                          
        ___while_lbl00035   0x001610    program     static                          
        ___while_lbl00036   0x001614    program     static                          
        ___while_lbl00040   0x001636    program     static                          
        ___while_lbl00041   0x00163a    program     static                          
        ___while_lbl00044   0x00165c    program     static                          
        ___while_lbl00045   0x001660    program     static                          
               __config_0   0x300000    program     static C:\Documents and Settings\bant\デスクトップ\新しいフォルダ (5)\PIC_Prog\USB_Watt_Meter\main.c
               __config_1   0x300001    program     static C:\Documents and Settings\bant\デスクトップ\新しいフォルダ (5)\PIC_Prog\USB_Watt_Meter\main.c
               __config_2   0x300002    program     static C:\Documents and Settings\bant\デスクトップ\新しいフォルダ (5)\PIC_Prog\USB_Watt_Meter\main.c
               __config_3   0x300003    program     static C:\Documents and Settings\bant\デスクトップ\新しいフォルダ (5)\PIC_Prog\USB_Watt_Meter\main.c
               __config_4   0x300005    program     static C:\Documents and Settings\bant\デスクトップ\新しいフォルダ (5)\PIC_Prog\USB_Watt_Meter\main.c
               __config_5   0x300006    program     static C:\Documents and Settings\bant\デスクトップ\新しいフォルダ (5)\PIC_Prog\USB_Watt_Meter\main.c
               __config_6   0x300008    program     static C:\Documents and Settings\bant\デスクトップ\新しいフォルダ (5)\PIC_Prog\USB_Watt_Meter\main.c
                   __init   0x001b58    program     extern D:\3.43\pic18-lt\cxx-framework\src\traditional\stdclib\__init.c
            __zero_memory   0x001b1c    program     extern D:\3.43\pic18-lt\cxx-framework\src\traditional\proc\p18f14k50.asm
                _do_cinit   0x001a4a    program     extern D:\3.43\pic18-lt\cxx-framework\src\traditional\startup\c018i.c
                   _entry   0x000000    program     extern D:\3.43\pic18-lt\cxx-framework\src\traditional\startup\c018i.c
                 _startup   0x001b3c    program     extern D:\3.43\pic18-lt\cxx-framework\src\traditional\startup\c018i.c
                compare_l   0x001b32    program     static D:\3.43\pic18-lt\cxx-framework\src\traditional\proc\p18f14k50.asm
        configDescriptor1   0x0019bc    program     extern C:\Documents and Settings\bant\デスクトップ\新しいフォルダ (5)\PIC_Prog\USB_Watt_Meter\usb_descriptors.c
                copy_loop   0x001abc    program     static                          
            copy_one_byte   0x001ac2    program     static                          
               device_dsc   0x0019aa    program     extern C:\Documents and Settings\bant\デスクトップ\新しいフォルダ (5)\PIC_Prog\USB_Watt_Meter\usb_descriptors.c
                     done   0x001ae6    program     static                          
             done_copying   0x001ad0    program     static                          
                hid_rpt01   0x001a25    program     extern C:\Documents and Settings\bant\デスクトップ\新しいフォルダ (5)\PIC_Prog\USB_Watt_Meter\usb_descriptors.c
                     jEnd   0x001b1a    program     static D:\3.43\pic18-lt\cxx-framework\src\traditional\stdclib\memset.asm
                    jLoop   0x001afc    program     static D:\3.43\pic18-lt\cxx-framework\src\traditional\stdclib\memset.asm
                     loop   0x001b4c    program     static                          
                   loop_h   0x001b2a    program     static D:\3.43\pic18-lt\cxx-framework\src\traditional\proc\p18f14k50.asm
                   loop_l   0x001b34    program     static D:\3.43\pic18-lt\cxx-framework\src\traditional\proc\p18f14k50.asm
                     main   0x0013f2    program     extern C:\Documents and Settings\bant\デスクトップ\新しいフォルダ (5)\PIC_Prog\USB_Watt_Meter\main.c
                   memset   0x001ae8    program     extern D:\3.43\pic18-lt\cxx-framework\src\traditional\stdclib\memset.asm
                    sd000   0x0019e5    program     extern C:\Documents and Settings\bant\デスクトップ\新しいフォルダ (5)\PIC_Prog\USB_Watt_Meter\usb_descriptors.c
                    sd001   0x0019e9    program     extern C:\Documents and Settings\bant\デスクトップ\新しいフォルダ (5)\PIC_Prog\USB_Watt_Meter\usb_descriptors.c
                    sd002   0x001a05    program     extern C:\Documents and Settings\bant\デスクトップ\新しいフォルダ (5)\PIC_Prog\USB_Watt_Meter\usb_descriptors.c
                     test   0x001a64    program     static                          
               zero_block   0x001b2a    program     static D:\3.43\pic18-lt\cxx-framework\src\traditional\proc\p18f14k50.asm
                   ADCON0   0x000fc2       data     extern D:\3.43\pic18-lt\cxx-framework\src\traditional\proc\p18f14k50.asm
               ADCON0bits   0x000fc2       data     extern D:\3.43\pic18-lt\cxx-framework\src\traditional\proc\p18f14k50.asm
                   ADCON1   0x000fc1       data     extern D:\3.43\pic18-lt\cxx-framework\src\traditional\proc\p18f14k50.asm
               ADCON1bits   0x000fc1       data     extern D:\3.43\pic18-lt\cxx-framework\src\traditional\proc\p18f14k50.asm
                   ADCON2   0x000fc0       data     extern D:\3.43\pic18-lt\cxx-framework\src\traditional\proc\p18f14k50.asm
               ADCON2bits   0x000fc0       data     extern D:\3.43\pic18-lt\cxx-framework\src\traditional\proc\p18f14k50.asm
                    ADRES   0x000fc3       data     extern D:\3.43\pic18-lt\cxx-framework\src\traditional\proc\p18f14k50.asm
                   ADRESH   0x000fc4       data     extern D:\3.43\pic18-lt\cxx-framework\src\traditional\proc\p18f14k50.asm
                   ADRESL   0x000fc3       data     extern D:\3.43\pic18-lt\cxx-framework\src\traditional\proc\p18f14k50.asm
                    ANSEL   0x000f7e       data     extern D:\3.43\pic18-lt\cxx-framework\src\traditional\proc\p18f14k50.asm
                   ANSELH   0x000f7f       data     extern D:\3.43\pic18-lt\cxx-framework\src\traditional\proc\p18f14k50.asm
               ANSELHbits   0x000f7f       data     extern D:\3.43\pic18-lt\cxx-framework\src\traditional\proc\p18f14k50.asm
                ANSELbits   0x000f7e       data     extern D:\3.43\pic18-lt\cxx-framework\src\traditional\proc\p18f14k50.asm
                  BAUDCON   0x000fb8       data     extern D:\3.43\pic18-lt\cxx-framework\src\traditional\proc\p18f14k50.asm
              BAUDCONbits   0x000fb8       data     extern D:\3.43\pic18-lt\cxx-framework\src\traditional\proc\p18f14k50.asm
                  BAUDCTL   0x000fb8       data     extern D:\3.43\pic18-lt\cxx-framework\src\traditional\proc\p18f14k50.asm
              BAUDCTLbits   0x000fb8       data     extern D:\3.43\pic18-lt\cxx-framework\src\traditional\proc\p18f14k50.asm
                      BDT   0x000200       data     extern C:\tools\Microchip\Microchip Solutions\Microchip\USB\usb_device.c
                      BSR   0x000fe0       data     extern D:\3.43\pic18-lt\cxx-framework\src\traditional\proc\p18f14k50.asm
       BothEP0OutUOWNsSet   0x000083       data     extern C:\tools\Microchip\Microchip Solutions\Microchip\USB\usb_device.c
                  CCP1CON   0x000fbd       data     extern D:\3.43\pic18-lt\cxx-framework\src\traditional\proc\p18f14k50.asm
              CCP1CONbits   0x000fbd       data     extern D:\3.43\pic18-lt\cxx-framework\src\traditional\proc\p18f14k50.asm
                    CCPR1   0x000fbe       data     extern D:\3.43\pic18-lt\cxx-framework\src\traditional\proc\p18f14k50.asm
                   CCPR1H   0x000fbf       data     extern D:\3.43\pic18-lt\cxx-framework\src\traditional\proc\p18f14k50.asm
                   CCPR1L   0x000fbe       data     extern D:\3.43\pic18-lt\cxx-framework\src\traditional\proc\p18f14k50.asm
                  CM1CON0   0x000f6d       data     extern D:\3.43\pic18-lt\cxx-framework\src\traditional\proc\p18f14k50.asm
              CM1CON0bits   0x000f6d       data     extern D:\3.43\pic18-lt\cxx-framework\src\traditional\proc\p18f14k50.asm
                  CM2CON0   0x000f6b       data     extern D:\3.43\pic18-lt\cxx-framework\src\traditional\proc\p18f14k50.asm
              CM2CON0bits   0x000f6b       data     extern D:\3.43\pic18-lt\cxx-framework\src\traditional\proc\p18f14k50.asm
                  CM2CON1   0x000f6c       data     extern D:\3.43\pic18-lt\cxx-framework\src\traditional\proc\p18f14k50.asm
              CM2CON1bits   0x000f6c       data     extern D:\3.43\pic18-lt\cxx-framework\src\traditional\proc\p18f14k50.asm
              CtrlTrfData   0x000228       data     extern C:\tools\Microchip\Microchip Solutions\Microchip\USB\usb_device.c
                     DDRA   0x000f92       data     extern D:\3.43\pic18-lt\cxx-framework\src\traditional\proc\p18f14k50.asm
                 DDRAbits   0x000f92       data     extern D:\3.43\pic18-lt\cxx-framework\src\traditional\proc\p18f14k50.asm
                     DDRB   0x000f93       data     extern D:\3.43\pic18-lt\cxx-framework\src\traditional\proc\p18f14k50.asm
                 DDRBbits   0x000f93       data     extern D:\3.43\pic18-lt\cxx-framework\src\traditional\proc\p18f14k50.asm
                     DDRC   0x000f94       data     extern D:\3.43\pic18-lt\cxx-framework\src\traditional\proc\p18f14k50.asm
                 DDRCbits   0x000f94       data     extern D:\3.43\pic18-lt\cxx-framework\src\traditional\proc\p18f14k50.asm
                  ECCP1AS   0x000fb6       data     extern D:\3.43\pic18-lt\cxx-framework\src\traditional\proc\p18f14k50.asm
              ECCP1ASbits   0x000fb6       data     extern D:\3.43\pic18-lt\cxx-framework\src\traditional\proc\p18f14k50.asm
                    EEADR   0x000fa9       data     extern D:\3.43\pic18-lt\cxx-framework\src\traditional\proc\p18f14k50.asm
                EEADRbits   0x000fa9       data     extern D:\3.43\pic18-lt\cxx-framework\src\traditional\proc\p18f14k50.asm
                   EECON1   0x000fa6       data     extern D:\3.43\pic18-lt\cxx-framework\src\traditional\proc\p18f14k50.asm
               EECON1bits   0x000fa6       data     extern D:\3.43\pic18-lt\cxx-framework\src\traditional\proc\p18f14k50.asm
                   EECON2   0x000fa7       data     extern D:\3.43\pic18-lt\cxx-framework\src\traditional\proc\p18f14k50.asm
                   EEDATA   0x000fa8       data     extern D:\3.43\pic18-lt\cxx-framework\src\traditional\proc\p18f14k50.asm
                     FSR0   0x000fe9       data     extern D:\3.43\pic18-lt\cxx-framework\src\traditional\proc\p18f14k50.asm
                    FSR0H   0x000fea       data     extern D:\3.43\pic18-lt\cxx-framework\src\traditional\proc\p18f14k50.asm
                    FSR0L   0x000fe9       data     extern D:\3.43\pic18-lt\cxx-framework\src\traditional\proc\p18f14k50.asm
                     FSR1   0x000fe1       data     extern D:\3.43\pic18-lt\cxx-framework\src\traditional\proc\p18f14k50.asm
                    FSR1H   0x000fe2       data     extern D:\3.43\pic18-lt\cxx-framework\src\traditional\proc\p18f14k50.asm
                    FSR1L   0x000fe1       data     extern D:\3.43\pic18-lt\cxx-framework\src\traditional\proc\p18f14k50.asm
                     FSR2   0x000fd9       data     extern D:\3.43\pic18-lt\cxx-framework\src\traditional\proc\p18f14k50.asm
                    FSR2H   0x000fda       data     extern D:\3.43\pic18-lt\cxx-framework\src\traditional\proc\p18f14k50.asm
                    FSR2L   0x000fd9       data     extern D:\3.43\pic18-lt\cxx-framework\src\traditional\proc\p18f14k50.asm
                    INDF0   0x000fef       data     extern D:\3.43\pic18-lt\cxx-framework\src\traditional\proc\p18f14k50.asm
                    INDF1   0x000fe7       data     extern D:\3.43\pic18-lt\cxx-framework\src\traditional\proc\p18f14k50.asm
                    INDF2   0x000fdf       data     extern D:\3.43\pic18-lt\cxx-framework\src\traditional\proc\p18f14k50.asm
                   INTCON   0x000ff2       data     extern D:\3.43\pic18-lt\cxx-framework\src\traditional\proc\p18f14k50.asm
                  INTCON2   0x000ff1       data     extern D:\3.43\pic18-lt\cxx-framework\src\traditional\proc\p18f14k50.asm
              INTCON2bits   0x000ff1       data     extern D:\3.43\pic18-lt\cxx-framework\src\traditional\proc\p18f14k50.asm
                  INTCON3   0x000ff0       data     extern D:\3.43\pic18-lt\cxx-framework\src\traditional\proc\p18f14k50.asm
              INTCON3bits   0x000ff0       data     extern D:\3.43\pic18-lt\cxx-framework\src\traditional\proc\p18f14k50.asm
               INTCONbits   0x000ff2       data     extern D:\3.43\pic18-lt\cxx-framework\src\traditional\proc\p18f14k50.asm
                     IOCA   0x000f79       data     extern D:\3.43\pic18-lt\cxx-framework\src\traditional\proc\p18f14k50.asm
                 IOCAbits   0x000f79       data     extern D:\3.43\pic18-lt\cxx-framework\src\traditional\proc\p18f14k50.asm
                     IOCB   0x000f7a       data     extern D:\3.43\pic18-lt\cxx-framework\src\traditional\proc\p18f14k50.asm
                 IOCBbits   0x000f7a       data     extern D:\3.43\pic18-lt\cxx-framework\src\traditional\proc\p18f14k50.asm
                     IPR1   0x000f9f       data     extern D:\3.43\pic18-lt\cxx-framework\src\traditional\proc\p18f14k50.asm
                 IPR1bits   0x000f9f       data     extern D:\3.43\pic18-lt\cxx-framework\src\traditional\proc\p18f14k50.asm
                     IPR2   0x000fa2       data     extern D:\3.43\pic18-lt\cxx-framework\src\traditional\proc\p18f14k50.asm
                 IPR2bits   0x000fa2       data     extern D:\3.43\pic18-lt\cxx-framework\src\traditional\proc\p18f14k50.asm
                     LATA   0x000f89       data     extern D:\3.43\pic18-lt\cxx-framework\src\traditional\proc\p18f14k50.asm
                 LATAbits   0x000f89       data     extern D:\3.43\pic18-lt\cxx-framework\src\traditional\proc\p18f14k50.asm
                     LATB   0x000f8a       data     extern D:\3.43\pic18-lt\cxx-framework\src\traditional\proc\p18f14k50.asm
                 LATBbits   0x000f8a       data     extern D:\3.43\pic18-lt\cxx-framework\src\traditional\proc\p18f14k50.asm
                     LATC   0x000f8b       data     extern D:\3.43\pic18-lt\cxx-framework\src\traditional\proc\p18f14k50.asm
                 LATCbits   0x000f8b       data     extern D:\3.43\pic18-lt\cxx-framework\src\traditional\proc\p18f14k50.asm
                   OSCCON   0x000fd3       data     extern D:\3.43\pic18-lt\cxx-framework\src\traditional\proc\p18f14k50.asm
                  OSCCON2   0x000fd2       data     extern D:\3.43\pic18-lt\cxx-framework\src\traditional\proc\p18f14k50.asm
              OSCCON2bits   0x000fd2       data     extern D:\3.43\pic18-lt\cxx-framework\src\traditional\proc\p18f14k50.asm
               OSCCONbits   0x000fd3       data     extern D:\3.43\pic18-lt\cxx-framework\src\traditional\proc\p18f14k50.asm
                  OSCTUNE   0x000f9b       data     extern D:\3.43\pic18-lt\cxx-framework\src\traditional\proc\p18f14k50.asm
              OSCTUNEbits   0x000f9b       data     extern D:\3.43\pic18-lt\cxx-framework\src\traditional\proc\p18f14k50.asm
                       PC   0x000ff9       data     extern D:\3.43\pic18-lt\cxx-framework\src\traditional\proc\p18f14k50.asm
                      PCL   0x000ff9       data     extern D:\3.43\pic18-lt\cxx-framework\src\traditional\proc\p18f14k50.asm
                   PCLATH   0x000ffa       data     extern D:\3.43\pic18-lt\cxx-framework\src\traditional\proc\p18f14k50.asm
                   PCLATU   0x000ffb       data     extern D:\3.43\pic18-lt\cxx-framework\src\traditional\proc\p18f14k50.asm
                     PIE1   0x000f9d       data     extern D:\3.43\pic18-lt\cxx-framework\src\traditional\proc\p18f14k50.asm
                 PIE1bits   0x000f9d       data     extern D:\3.43\pic18-lt\cxx-framework\src\traditional\proc\p18f14k50.asm
                     PIE2   0x000fa0       data     extern D:\3.43\pic18-lt\cxx-framework\src\traditional\proc\p18f14k50.asm
                 PIE2bits   0x000fa0       data     extern D:\3.43\pic18-lt\cxx-framework\src\traditional\proc\p18f14k50.asm
                     PIR1   0x000f9e       data     extern D:\3.43\pic18-lt\cxx-framework\src\traditional\proc\p18f14k50.asm
                 PIR1bits   0x000f9e       data     extern D:\3.43\pic18-lt\cxx-framework\src\traditional\proc\p18f14k50.asm
                     PIR2   0x000fa1       data     extern D:\3.43\pic18-lt\cxx-framework\src\traditional\proc\p18f14k50.asm
                 PIR2bits   0x000fa1       data     extern D:\3.43\pic18-lt\cxx-framework\src\traditional\proc\p18f14k50.asm
                   PLUSW0   0x000feb       data     extern D:\3.43\pic18-lt\cxx-framework\src\traditional\proc\p18f14k50.asm
                   PLUSW1   0x000fe3       data     extern D:\3.43\pic18-lt\cxx-framework\src\traditional\proc\p18f14k50.asm
                   PLUSW2   0x000fdb       data     extern D:\3.43\pic18-lt\cxx-framework\src\traditional\proc\p18f14k50.asm
                    PORTA   0x000f80       data     extern D:\3.43\pic18-lt\cxx-framework\src\traditional\proc\p18f14k50.asm
                PORTAbits   0x000f80       data     extern D:\3.43\pic18-lt\cxx-framework\src\traditional\proc\p18f14k50.asm
                    PORTB   0x000f81       data     extern D:\3.43\pic18-lt\cxx-framework\src\traditional\proc\p18f14k50.asm
                PORTBbits   0x000f81       data     extern D:\3.43\pic18-lt\cxx-framework\src\traditional\proc\p18f14k50.asm
                    PORTC   0x000f82       data     extern D:\3.43\pic18-lt\cxx-framework\src\traditional\proc\p18f14k50.asm
                PORTCbits   0x000f82       data     extern D:\3.43\pic18-lt\cxx-framework\src\traditional\proc\p18f14k50.asm
                 POSTDEC0   0x000fed       data     extern D:\3.43\pic18-lt\cxx-framework\src\traditional\proc\p18f14k50.asm
                 POSTDEC1   0x000fe5       data     extern D:\3.43\pic18-lt\cxx-framework\src\traditional\proc\p18f14k50.asm
                 POSTDEC2   0x000fdd       data     extern D:\3.43\pic18-lt\cxx-framework\src\traditional\proc\p18f14k50.asm
                 POSTINC0   0x000fee       data     extern D:\3.43\pic18-lt\cxx-framework\src\traditional\proc\p18f14k50.asm
                 POSTINC1   0x000fe6       data     extern D:\3.43\pic18-lt\cxx-framework\src\traditional\proc\p18f14k50.asm
                 POSTINC2   0x000fde       data     extern D:\3.43\pic18-lt\cxx-framework\src\traditional\proc\p18f14k50.asm
                      PR2   0x000fcb       data     extern D:\3.43\pic18-lt\cxx-framework\src\traditional\proc\p18f14k50.asm
                  PREINC0   0x000fec       data     extern D:\3.43\pic18-lt\cxx-framework\src\traditional\proc\p18f14k50.asm
                  PREINC1   0x000fe4       data     extern D:\3.43\pic18-lt\cxx-framework\src\traditional\proc\p18f14k50.asm
                  PREINC2   0x000fdc       data     extern D:\3.43\pic18-lt\cxx-framework\src\traditional\proc\p18f14k50.asm
                     PROD   0x000ff3       data     extern D:\3.43\pic18-lt\cxx-framework\src\traditional\proc\p18f14k50.asm
                    PRODH   0x000ff4       data     extern D:\3.43\pic18-lt\cxx-framework\src\traditional\proc\p18f14k50.asm
                    PRODL   0x000ff3       data     extern D:\3.43\pic18-lt\cxx-framework\src\traditional\proc\p18f14k50.asm
                  PSTRCON   0x000fb9       data     extern D:\3.43\pic18-lt\cxx-framework\src\traditional\proc\p18f14k50.asm
              PSTRCONbits   0x000fb9       data     extern D:\3.43\pic18-lt\cxx-framework\src\traditional\proc\p18f14k50.asm
                  PWM1CON   0x000fb7       data     extern D:\3.43\pic18-lt\cxx-framework\src\traditional\proc\p18f14k50.asm
              PWM1CONbits   0x000fb7       data     extern D:\3.43\pic18-lt\cxx-framework\src\traditional\proc\p18f14k50.asm
                     RCON   0x000fd0       data     extern D:\3.43\pic18-lt\cxx-framework\src\traditional\proc\p18f14k50.asm
                 RCONbits   0x000fd0       data     extern D:\3.43\pic18-lt\cxx-framework\src\traditional\proc\p18f14k50.asm
                    RCREG   0x000fae       data     extern D:\3.43\pic18-lt\cxx-framework\src\traditional\proc\p18f14k50.asm
                    RCSTA   0x000fab       data     extern D:\3.43\pic18-lt\cxx-framework\src\traditional\proc\p18f14k50.asm
                RCSTAbits   0x000fab       data     extern D:\3.43\pic18-lt\cxx-framework\src\traditional\proc\p18f14k50.asm
                  REFCON0   0x000fba       data     extern D:\3.43\pic18-lt\cxx-framework\src\traditional\proc\p18f14k50.asm
              REFCON0bits   0x000fba       data     extern D:\3.43\pic18-lt\cxx-framework\src\traditional\proc\p18f14k50.asm
                  REFCON1   0x000fbb       data     extern D:\3.43\pic18-lt\cxx-framework\src\traditional\proc\p18f14k50.asm
              REFCON1bits   0x000fbb       data     extern D:\3.43\pic18-lt\cxx-framework\src\traditional\proc\p18f14k50.asm
                  REFCON2   0x000fbc       data     extern D:\3.43\pic18-lt\cxx-framework\src\traditional\proc\p18f14k50.asm
              REFCON2bits   0x000fbc       data     extern D:\3.43\pic18-lt\cxx-framework\src\traditional\proc\p18f14k50.asm
       ReceivedDataBuffer   0x000230       data     extern C:\Documents and Settings\bant\デスクトップ\新しいフォルダ (5)\PIC_Prog\USB_Watt_Meter\main.c
             RemoteWakeup   0x00007f       data     extern C:\tools\Microchip\Microchip Solutions\Microchip\USB\usb_device.c
                     SIGN   0x000009       data     extern D:\3.43\pic18-lt\cxx-framework\src\traditional\math\cmath18.asm
                   SLRCON   0x000f76       data     extern D:\3.43\pic18-lt\cxx-framework\src\traditional\proc\p18f14k50.asm
               SLRCONbits   0x000f76       data     extern D:\3.43\pic18-lt\cxx-framework\src\traditional\proc\p18f14k50.asm
                    SPBRG   0x000faf       data     extern D:\3.43\pic18-lt\cxx-framework\src\traditional\proc\p18f14k50.asm
                   SPBRGH   0x000fb0       data     extern D:\3.43\pic18-lt\cxx-framework\src\traditional\proc\p18f14k50.asm
                   SRCON0   0x000f68       data     extern D:\3.43\pic18-lt\cxx-framework\src\traditional\proc\p18f14k50.asm
               SRCON0bits   0x000f68       data     extern D:\3.43\pic18-lt\cxx-framework\src\traditional\proc\p18f14k50.asm
                   SRCON1   0x000f69       data     extern D:\3.43\pic18-lt\cxx-framework\src\traditional\proc\p18f14k50.asm
               SRCON1bits   0x000f69       data     extern D:\3.43\pic18-lt\cxx-framework\src\traditional\proc\p18f14k50.asm
                   SSPADD   0x000fc8       data     extern D:\3.43\pic18-lt\cxx-framework\src\traditional\proc\p18f14k50.asm
                   SSPBUF   0x000fc9       data     extern D:\3.43\pic18-lt\cxx-framework\src\traditional\proc\p18f14k50.asm
                  SSPCON1   0x000fc6       data     extern D:\3.43\pic18-lt\cxx-framework\src\traditional\proc\p18f14k50.asm
              SSPCON1bits   0x000fc6       data     extern D:\3.43\pic18-lt\cxx-framework\src\traditional\proc\p18f14k50.asm
                  SSPCON2   0x000fc5       data     extern D:\3.43\pic18-lt\cxx-framework\src\traditional\proc\p18f14k50.asm
              SSPCON2bits   0x000fc5       data     extern D:\3.43\pic18-lt\cxx-framework\src\traditional\proc\p18f14k50.asm
                   SSPMSK   0x000f6f       data     extern D:\3.43\pic18-lt\cxx-framework\src\traditional\proc\p18f14k50.asm
               SSPMSKbits   0x000f6f       data     extern D:\3.43\pic18-lt\cxx-framework\src\traditional\proc\p18f14k50.asm
                  SSPSTAT   0x000fc7       data     extern D:\3.43\pic18-lt\cxx-framework\src\traditional\proc\p18f14k50.asm
              SSPSTATbits   0x000fc7       data     extern D:\3.43\pic18-lt\cxx-framework\src\traditional\proc\p18f14k50.asm
                   STATUS   0x000fd8       data     extern D:\3.43\pic18-lt\cxx-framework\src\traditional\proc\p18f14k50.asm
               STATUSbits   0x000fd8       data     extern D:\3.43\pic18-lt\cxx-framework\src\traditional\proc\p18f14k50.asm
                   STKPTR   0x000ffc       data     extern D:\3.43\pic18-lt\cxx-framework\src\traditional\proc\p18f14k50.asm
               STKPTRbits   0x000ffc       data     extern D:\3.43\pic18-lt\cxx-framework\src\traditional\proc\p18f14k50.asm
                  SendBuf   0x000270       data     extern C:\Documents and Settings\bant\デスクトップ\新しいフォルダ (5)\PIC_Prog\USB_Watt_Meter\main.c
                 SetupPkt   0x000220       data     extern C:\tools\Microchip\Microchip Solutions\Microchip\USB\usb_device.c
                    T0CON   0x000fd5       data     extern D:\3.43\pic18-lt\cxx-framework\src\traditional\proc\p18f14k50.asm
                T0CONbits   0x000fd5       data     extern D:\3.43\pic18-lt\cxx-framework\src\traditional\proc\p18f14k50.asm
                    T1CON   0x000fcd       data     extern D:\3.43\pic18-lt\cxx-framework\src\traditional\proc\p18f14k50.asm
                T1CONbits   0x000fcd       data     extern D:\3.43\pic18-lt\cxx-framework\src\traditional\proc\p18f14k50.asm
                    T2CON   0x000fca       data     extern D:\3.43\pic18-lt\cxx-framework\src\traditional\proc\p18f14k50.asm
                T2CONbits   0x000fca       data     extern D:\3.43\pic18-lt\cxx-framework\src\traditional\proc\p18f14k50.asm
                    T3CON   0x000fb1       data     extern D:\3.43\pic18-lt\cxx-framework\src\traditional\proc\p18f14k50.asm
                T3CONbits   0x000fb1       data     extern D:\3.43\pic18-lt\cxx-framework\src\traditional\proc\p18f14k50.asm
                   TABLAT   0x000ff5       data     extern D:\3.43\pic18-lt\cxx-framework\src\traditional\proc\p18f14k50.asm
                   TBLPTR   0x000ff6       data     extern D:\3.43\pic18-lt\cxx-framework\src\traditional\proc\p18f14k50.asm
                  TBLPTRH   0x000ff7       data     extern D:\3.43\pic18-lt\cxx-framework\src\traditional\proc\p18f14k50.asm
                  TBLPTRL   0x000ff6       data     extern D:\3.43\pic18-lt\cxx-framework\src\traditional\proc\p18f14k50.asm
                  TBLPTRU   0x000ff8       data     extern D:\3.43\pic18-lt\cxx-framework\src\traditional\proc\p18f14k50.asm
                    TMR0H   0x000fd7       data     extern D:\3.43\pic18-lt\cxx-framework\src\traditional\proc\p18f14k50.asm
                    TMR0L   0x000fd6       data     extern D:\3.43\pic18-lt\cxx-framework\src\traditional\proc\p18f14k50.asm
                    TMR1H   0x000fcf       data     extern D:\3.43\pic18-lt\cxx-framework\src\traditional\proc\p18f14k50.asm
                    TMR1L   0x000fce       data     extern D:\3.43\pic18-lt\cxx-framework\src\traditional\proc\p18f14k50.asm
                     TMR2   0x000fcc       data     extern D:\3.43\pic18-lt\cxx-framework\src\traditional\proc\p18f14k50.asm
                    TMR3H   0x000fb3       data     extern D:\3.43\pic18-lt\cxx-framework\src\traditional\proc\p18f14k50.asm
                    TMR3L   0x000fb2       data     extern D:\3.43\pic18-lt\cxx-framework\src\traditional\proc\p18f14k50.asm
                      TOS   0x000ffd       data     extern D:\3.43\pic18-lt\cxx-framework\src\traditional\proc\p18f14k50.asm
                     TOSH   0x000ffe       data     extern D:\3.43\pic18-lt\cxx-framework\src\traditional\proc\p18f14k50.asm
                     TOSL   0x000ffd       data     extern D:\3.43\pic18-lt\cxx-framework\src\traditional\proc\p18f14k50.asm
                     TOSU   0x000fff       data     extern D:\3.43\pic18-lt\cxx-framework\src\traditional\proc\p18f14k50.asm
                    TRISA   0x000f92       data     extern D:\3.43\pic18-lt\cxx-framework\src\traditional\proc\p18f14k50.asm
                TRISAbits   0x000f92       data     extern D:\3.43\pic18-lt\cxx-framework\src\traditional\proc\p18f14k50.asm
                    TRISB   0x000f93       data     extern D:\3.43\pic18-lt\cxx-framework\src\traditional\proc\p18f14k50.asm
                TRISBbits   0x000f93       data     extern D:\3.43\pic18-lt\cxx-framework\src\traditional\proc\p18f14k50.asm
                    TRISC   0x000f94       data     extern D:\3.43\pic18-lt\cxx-framework\src\traditional\proc\p18f14k50.asm
                TRISCbits   0x000f94       data     extern D:\3.43\pic18-lt\cxx-framework\src\traditional\proc\p18f14k50.asm
                    TXREG   0x000fad       data     extern D:\3.43\pic18-lt\cxx-framework\src\traditional\proc\p18f14k50.asm
                    TXSTA   0x000fac       data     extern D:\3.43\pic18-lt\cxx-framework\src\traditional\proc\p18f14k50.asm
                TXSTAbits   0x000fac       data     extern D:\3.43\pic18-lt\cxx-framework\src\traditional\proc\p18f14k50.asm
                    UADDR   0x000f5c       data     extern D:\3.43\pic18-lt\cxx-framework\src\traditional\proc\p18f14k50.asm
                UADDRbits   0x000f5c       data     extern D:\3.43\pic18-lt\cxx-framework\src\traditional\proc\p18f14k50.asm
                     UCFG   0x000f61       data     extern D:\3.43\pic18-lt\cxx-framework\src\traditional\proc\p18f14k50.asm
                 UCFGbits   0x000f61       data     extern D:\3.43\pic18-lt\cxx-framework\src\traditional\proc\p18f14k50.asm
                     UCON   0x000f64       data     extern D:\3.43\pic18-lt\cxx-framework\src\traditional\proc\p18f14k50.asm
                 UCONbits   0x000f64       data     extern D:\3.43\pic18-lt\cxx-framework\src\traditional\proc\p18f14k50.asm
                     UEIE   0x000f5b       data     extern D:\3.43\pic18-lt\cxx-framework\src\traditional\proc\p18f14k50.asm
                 UEIEbits   0x000f5b       data     extern D:\3.43\pic18-lt\cxx-framework\src\traditional\proc\p18f14k50.asm
                     UEIR   0x000f5f       data     extern D:\3.43\pic18-lt\cxx-framework\src\traditional\proc\p18f14k50.asm
                 UEIRbits   0x000f5f       data     extern D:\3.43\pic18-lt\cxx-framework\src\traditional\proc\p18f14k50.asm
                     UEP0   0x000f53       data     extern D:\3.43\pic18-lt\cxx-framework\src\traditional\proc\p18f14k50.asm
                 UEP0bits   0x000f53       data     extern D:\3.43\pic18-lt\cxx-framework\src\traditional\proc\p18f14k50.asm
                     UEP1   0x000f54       data     extern D:\3.43\pic18-lt\cxx-framework\src\traditional\proc\p18f14k50.asm
                 UEP1bits   0x000f54       data     extern D:\3.43\pic18-lt\cxx-framework\src\traditional\proc\p18f14k50.asm
                     UEP2   0x000f55       data     extern D:\3.43\pic18-lt\cxx-framework\src\traditional\proc\p18f14k50.asm
                 UEP2bits   0x000f55       data     extern D:\3.43\pic18-lt\cxx-framework\src\traditional\proc\p18f14k50.asm
                     UEP3   0x000f56       data     extern D:\3.43\pic18-lt\cxx-framework\src\traditional\proc\p18f14k50.asm
                 UEP3bits   0x000f56       data     extern D:\3.43\pic18-lt\cxx-framework\src\traditional\proc\p18f14k50.asm
                     UEP4   0x000f57       data     extern D:\3.43\pic18-lt\cxx-framework\src\traditional\proc\p18f14k50.asm
                 UEP4bits   0x000f57       data     extern D:\3.43\pic18-lt\cxx-framework\src\traditional\proc\p18f14k50.asm
                     UEP5   0x000f58       data     extern D:\3.43\pic18-lt\cxx-framework\src\traditional\proc\p18f14k50.asm
                 UEP5bits   0x000f58       data     extern D:\3.43\pic18-lt\cxx-framework\src\traditional\proc\p18f14k50.asm
                     UEP6   0x000f59       data     extern D:\3.43\pic18-lt\cxx-framework\src\traditional\proc\p18f14k50.asm
                 UEP6bits   0x000f59       data     extern D:\3.43\pic18-lt\cxx-framework\src\traditional\proc\p18f14k50.asm
                     UEP7   0x000f5a       data     extern D:\3.43\pic18-lt\cxx-framework\src\traditional\proc\p18f14k50.asm
                 UEP7bits   0x000f5a       data     extern D:\3.43\pic18-lt\cxx-framework\src\traditional\proc\p18f14k50.asm
                    UFRMH   0x000f5e       data     extern D:\3.43\pic18-lt\cxx-framework\src\traditional\proc\p18f14k50.asm
                UFRMHbits   0x000f5e       data     extern D:\3.43\pic18-lt\cxx-framework\src\traditional\proc\p18f14k50.asm
                    UFRML   0x000f5d       data     extern D:\3.43\pic18-lt\cxx-framework\src\traditional\proc\p18f14k50.asm
                UFRMLbits   0x000f5d       data     extern D:\3.43\pic18-lt\cxx-framework\src\traditional\proc\p18f14k50.asm
                      UIE   0x000f60       data     extern D:\3.43\pic18-lt\cxx-framework\src\traditional\proc\p18f14k50.asm
                  UIEbits   0x000f60       data     extern D:\3.43\pic18-lt\cxx-framework\src\traditional\proc\p18f14k50.asm
                      UIR   0x000f62       data     extern D:\3.43\pic18-lt\cxx-framework\src\traditional\proc\p18f14k50.asm
                  UIRbits   0x000f62       data     extern D:\3.43\pic18-lt\cxx-framework\src\traditional\proc\p18f14k50.asm
   USBActiveConfiguration   0x000061       data     extern C:\tools\Microchip\Microchip Solutions\Microchip\USB\usb_device.c
    USBAlternateInterface   0x000062       data     extern C:\tools\Microchip\Microchip Solutions\Microchip\USB\usb_device.c
        USBBusIsSuspended   0x000080       data     extern C:\tools\Microchip\Microchip Solutions\Microchip\USB\usb_device.c
USBDeferINDataStagePackets   0x00008c       data     extern C:\tools\Microchip\Microchip Solutions\Microchip\USB\usb_device.c
USBDeferOUTDataStagePackets   0x00008d       data     extern C:\tools\Microchip\Microchip Solutions\Microchip\USB\usb_device.c
USBDeferStatusStagePacket   0x000089       data     extern C:\tools\Microchip\Microchip Solutions\Microchip\USB\usb_device.c
           USBDeviceState   0x000060       data     extern C:\tools\Microchip\Microchip Solutions\Microchip\USB\usb_device.c
              USBInHandle   0x00009a       data     extern C:\Documents and Settings\bant\デスクトップ\新しいフォルダ (5)\PIC_Prog\USB_Watt_Meter\main.c
             USBOutHandle   0x000098       data     extern C:\Documents and Settings\bant\デスクトップ\新しいフォルダ (5)\PIC_Prog\USB_Watt_Meter\main.c
USBStatusStageEnabledFlag1   0x00008a       data     extern C:\tools\Microchip\Microchip Solutions\Microchip\USB\usb_device.c
USBStatusStageEnabledFlag2   0x00008b       data     extern C:\tools\Microchip\Microchip Solutions\Microchip\USB\usb_device.c
USBStatusStageTimeoutCounter   0x000088       data     extern C:\tools\Microchip\Microchip Solutions\Microchip\USB\usb_device.c
                    USTAT   0x000f63       data     extern D:\3.43\pic18-lt\cxx-framework\src\traditional\proc\p18f14k50.asm
                USTATbits   0x000f63       data     extern D:\3.43\pic18-lt\cxx-framework\src\traditional\proc\p18f14k50.asm
                USTATcopy   0x000081       data     extern C:\tools\Microchip\Microchip Solutions\Microchip\USB\usb_device.c
                 VREFCON0   0x000fba       data     extern D:\3.43\pic18-lt\cxx-framework\src\traditional\proc\p18f14k50.asm
             VREFCON0bits   0x000fba       data     extern D:\3.43\pic18-lt\cxx-framework\src\traditional\proc\p18f14k50.asm
                 VREFCON1   0x000fbb       data     extern D:\3.43\pic18-lt\cxx-framework\src\traditional\proc\p18f14k50.asm
             VREFCON1bits   0x000fbb       data     extern D:\3.43\pic18-lt\cxx-framework\src\traditional\proc\p18f14k50.asm
                 VREFCON2   0x000fbc       data     extern D:\3.43\pic18-lt\cxx-framework\src\traditional\proc\p18f14k50.asm
             VREFCON2bits   0x000fbc       data     extern D:\3.43\pic18-lt\cxx-framework\src\traditional\proc\p18f14k50.asm
                        W   0x000fe8       data     extern D:\3.43\pic18-lt\cxx-framework\src\traditional\proc\p18f14k50.asm
                   WDTCON   0x000fd1       data     extern D:\3.43\pic18-lt\cxx-framework\src\traditional\proc\p18f14k50.asm
               WDTCONbits   0x000fd1       data     extern D:\3.43\pic18-lt\cxx-framework\src\traditional\proc\p18f14k50.asm
                     WPUA   0x000f77       data     extern D:\3.43\pic18-lt\cxx-framework\src\traditional\proc\p18f14k50.asm
                 WPUAbits   0x000f77       data     extern D:\3.43\pic18-lt\cxx-framework\src\traditional\proc\p18f14k50.asm
                     WPUB   0x000f78       data     extern D:\3.43\pic18-lt\cxx-framework\src\traditional\proc\p18f14k50.asm
                 WPUBbits   0x000f78       data     extern D:\3.43\pic18-lt\cxx-framework\src\traditional\proc\p18f14k50.asm
                     WREG   0x000fe8       data     extern D:\3.43\pic18-lt\cxx-framework\src\traditional\proc\p18f14k50.asm
                 __AARGB0   0x000007       data     extern D:\3.43\pic18-lt\cxx-framework\src\traditional\math\aarg.asm
                 __AARGB1   0x000006       data     extern D:\3.43\pic18-lt\cxx-framework\src\traditional\math\aarg.asm
                 __AARGB2   0x000005       data     extern D:\3.43\pic18-lt\cxx-framework\src\traditional\math\aarg.asm
                 __AARGB3   0x000004       data     extern D:\3.43\pic18-lt\cxx-framework\src\traditional\math\aarg.asm
                 __AARGB4   0x000003       data     extern D:\3.43\pic18-lt\cxx-framework\src\traditional\math\aarg.asm
                 __AARGB5   0x000002       data     extern D:\3.43\pic18-lt\cxx-framework\src\traditional\math\aarg.asm
                 __AARGB6   0x000001       data     extern D:\3.43\pic18-lt\cxx-framework\src\traditional\math\aarg.asm
                 __AARGB7   0x000000       data     extern D:\3.43\pic18-lt\cxx-framework\src\traditional\math\aarg.asm
                   __AEXP   0x000008       data     extern D:\3.43\pic18-lt\cxx-framework\src\traditional\math\aarg.asm
                __FPFLAGS   0x00000a       data     extern D:\3.43\pic18-lt\cxx-framework\src\traditional\math\cmath18.asm
            __FPFLAGSbits   0x00000a       data     extern D:\3.43\pic18-lt\cxx-framework\src\traditional\math\cmath18.asm
                  __REMB0   0x000003       data     extern D:\3.43\pic18-lt\cxx-framework\src\traditional\math\aarg.asm
                  __REMB1   0x000002       data     extern D:\3.43\pic18-lt\cxx-framework\src\traditional\math\aarg.asm
                  __REMB2   0x000001       data     extern D:\3.43\pic18-lt\cxx-framework\src\traditional\math\aarg.asm
                  __REMB3   0x000000       data     extern D:\3.43\pic18-lt\cxx-framework\src\traditional\math\aarg.asm
                  __tmp_0   0x00000b       data     static C:\Documents and Settings\bant\デスクトップ\新しいフォルダ (5)\PIC_Prog\USB_Watt_Meter\main.c
                  __tmp_0   0x00000b       data     static C:\tools\Microchip\Microchip Solutions\Microchip\USB\usb_device.c
          active_protocol   0x0000a5       data     extern C:\tools\Microchip\Microchip Solutions\Microchip\USB\HID Device Driver\usb_function_hid.c
         blinkStatusValid   0x00009c       data     extern C:\Documents and Settings\bant\デスクトップ\新しいフォルダ (5)\PIC_Prog\USB_Watt_Meter\main.c
     controlTransferState   0x000070       data     extern C:\tools\Microchip\Microchip Solutions\Microchip\USB\usb_device.c
                  counter   0x0000a1       data     extern C:\Documents and Settings\bant\デスクトップ\新しいフォルダ (5)\PIC_Prog\USB_Watt_Meter\main.c
                curr_byte   0x000091       data     static D:\3.43\pic18-lt\cxx-framework\src\traditional\startup\c018i.c
               curr_entry   0x000093       data     static D:\3.43\pic18-lt\cxx-framework\src\traditional\startup\c018i.c
                 data_ptr   0x000095       data     static D:\3.43\pic18-lt\cxx-framework\src\traditional\startup\c018i.c
              delay_count   0x0000a2       data     static C:\Documents and Settings\bant\デスクトップ\新しいフォルダ (5)\PIC_Prog\USB_Watt_Meter\main.c
          endpoint_number   0x000082       data     extern C:\tools\Microchip\Microchip Solutions\Microchip\USB\usb_device.c
               ep_data_in   0x000084       data     extern C:\tools\Microchip\Microchip Solutions\Microchip\USB\usb_device.c
              ep_data_out   0x000086       data     extern C:\tools\Microchip\Microchip Solutions\Microchip\USB\usb_device.c
                idle_rate   0x0000a4       data     extern C:\tools\Microchip\Microchip Solutions\Microchip\USB\HID Device Driver\usb_function_hid.c
                  inPipes   0x000071       data     extern C:\tools\Microchip\Microchip Solutions\Microchip\USB\usb_device.c
                led_count   0x00009d       data     static C:\Documents and Settings\bant\デスクトップ\新しいフォルダ (5)\PIC_Prog\USB_Watt_Meter\main.c
               led_number   0x00009f       data     static C:\Documents and Settings\bant\デスクトップ\新しいフォルダ (5)\PIC_Prog\USB_Watt_Meter\main.c
                 outPipes   0x000076       data     extern C:\tools\Microchip\Microchip Solutions\Microchip\USB\usb_device.c
   pBDTEntryEP0OutCurrent   0x000063       data     extern C:\tools\Microchip\Microchip Solutions\Microchip\USB\usb_device.c
      pBDTEntryEP0OutNext   0x000065       data     extern C:\tools\Microchip\Microchip Solutions\Microchip\USB\usb_device.c
              pBDTEntryIn   0x00006b       data     extern C:\tools\Microchip\Microchip Solutions\Microchip\USB\usb_device.c
             pBDTEntryOut   0x000067       data     extern C:\tools\Microchip\Microchip Solutions\Microchip\USB\usb_device.c
                     pDst   0x00007d       data     extern C:\tools\Microchip\Microchip Solutions\Microchip\USB\usb_device.c
                     prom   0x00008e       data     static D:\3.43\pic18-lt\cxx-framework\src\traditional\startup\c018i.c
        shortPacketStatus   0x00006f       data     extern C:\tools\Microchip\Microchip Solutions\Microchip\USB\usb_device.c



                              Symbols - Sorted by Address
                     Name    Address   Location    Storage File                     
                ---------  ---------  ---------  --------- ---------                
                   _entry   0x000000    program     extern D:\3.43\pic18-lt\cxx-framework\src\traditional\startup\c018i.c
       ___return_lbl00000   0x000004    program     static                          
        Remapped_High_ISR   0x000008    program     extern C:\Documents and Settings\bant\デスクトップ\新しいフォルダ (5)\PIC_Prog\USB_Watt_Meter\main.c
       ___return_lbl00000   0x00000c    program     static                          
         Remapped_Low_ISR   0x000018    program     extern C:\Documents and Settings\bant\デスクトップ\新しいフォルダ (5)\PIC_Prog\USB_Watt_Meter\main.c
       ___return_lbl00001   0x00001c    program     static                          
            USBDeviceInit   0x000038    program     extern C:\tools\Microchip\Microchip Solutions\Microchip\USB\usb_device.c
           USBDeviceTasks   0x000158    program     extern C:\tools\Microchip\Microchip Solutions\Microchip\USB\usb_device.c
        USBEnableEndpoint   0x0002ca    program     extern C:\tools\Microchip\Microchip Solutions\Microchip\USB\usb_device.c
     USBTransferOnePacket   0x000338    program     extern C:\tools\Microchip\Microchip Solutions\Microchip\USB\usb_device.c
         USBStallEndpoint   0x00043e    program     extern C:\tools\Microchip\Microchip Solutions\Microchip\USB\usb_device.c
              USBCancelIO   0x00051e    program     extern C:\tools\Microchip\Microchip Solutions\Microchip\USB\usb_device.c
          USBDeviceDetach   0x0005ce    program     extern C:\tools\Microchip\Microchip Solutions\Microchip\USB\usb_device.c
          USBDeviceAttach   0x0005da    program     extern C:\tools\Microchip\Microchip Solutions\Microchip\USB\usb_device.c
USBCtrlEPAllowStatusStage   0x00060a    program     extern C:\tools\Microchip\Microchip Solutions\Microchip\USB\usb_device.c
  USBCtrlEPAllowDataStage   0x0006ac    program     extern C:\tools\Microchip\Microchip Solutions\Microchip\USB\usb_device.c
     USBConfigureEndpoint   0x00072c    program     static C:\tools\Microchip\Microchip Solutions\Microchip\USB\usb_device.c
 USBCtrlEPServiceComplete   0x0007e6    program     static C:\tools\Microchip\Microchip Solutions\Microchip\USB\usb_device.c
      USBCtrlTrfTxService   0x0008a8    program     static C:\tools\Microchip\Microchip Solutions\Microchip\USB\usb_device.c
      USBCtrlTrfRxService   0x00096c    program     static C:\tools\Microchip\Microchip Solutions\Microchip\USB\usb_device.c
      USBStdSetCfgHandler   0x000aac    program     static C:\tools\Microchip\Microchip Solutions\Microchip\USB\usb_device.c
      USBStdGetDscHandler   0x000b92    program     static C:\tools\Microchip\Microchip Solutions\Microchip\USB\usb_device.c
   USBStdGetStatusHandler   0x000c52    program     static C:\tools\Microchip\Microchip Solutions\Microchip\USB\usb_device.c
          USBStallHandler   0x000d22    program     static C:\tools\Microchip\Microchip Solutions\Microchip\USB\usb_device.c
               USBSuspend   0x000d56    program     static C:\tools\Microchip\Microchip Solutions\Microchip\USB\usb_device.c
       USBWakeFromSuspend   0x000d80    program     static C:\tools\Microchip\Microchip Solutions\Microchip\USB\usb_device.c
         USBCtrlEPService   0x000dae    program     static C:\tools\Microchip\Microchip Solutions\Microchip\USB\usb_device.c
   USBCtrlTrfSetupHandler   0x000e7e    program     static C:\tools\Microchip\Microchip Solutions\Microchip\USB\usb_device.c
     USBCtrlTrfOutHandler   0x000edc    program     static C:\tools\Microchip\Microchip Solutions\Microchip\USB\usb_device.c
      USBCtrlTrfInHandler   0x000f26    program     static C:\tools\Microchip\Microchip Solutions\Microchip\USB\usb_device.c
       USBCheckStdRequest   0x000fe0    program     static C:\tools\Microchip\Microchip Solutions\Microchip\USB\usb_device.c
  USBStdFeatureReqHandler   0x0010a8    program     static C:\tools\Microchip\Microchip Solutions\Microchip\USB\usb_device.c
  YourHighPriorityISRCode   0x001336    program     extern C:\Documents and Settings\bant\デスクトップ\新しいフォルダ (5)\PIC_Prog\USB_Watt_Meter\main.c
   YourLowPriorityISRCode   0x0013cc    program     extern C:\Documents and Settings\bant\デスクトップ\新しいフォルダ (5)\PIC_Prog\USB_Watt_Meter\main.c
                     main   0x0013f2    program     extern C:\Documents and Settings\bant\デスクトップ\新しいフォルダ (5)\PIC_Prog\USB_Watt_Meter\main.c
                ProcessIO   0x001450    program     extern C:\Documents and Settings\bant\デスクトップ\新しいフォルダ (5)\PIC_Prog\USB_Watt_Meter\main.c
           ___?:_lbl00012   0x00145c    program     static                          
           ___?:_lbl00011   0x00146c    program     static                          
      ___case_48_lbl00014   0x00149e    program     static                          
           ___?:_lbl00016   0x0014b6    program     static                          
           ___?:_lbl00015   0x0014c6    program     static                          
           ___if_lbl00017   0x0014f2    program     static                          
      ___case_49_lbl00020   0x0014f4    program     static                          
         ___else_lbl00019   0x001500    program     static                          
           ___if_lbl00018   0x001502    program     static                          
         ___else_lbl00022   0x00150e    program     static                          
           ___if_lbl00021   0x001510    program     static                          
         ___else_lbl00024   0x00151c    program     static                          
           ___if_lbl00023   0x00151e    program     static                          
           ___?:_lbl00026   0x001554    program     static                          
           ___?:_lbl00025   0x001564    program     static                          
           ___if_lbl00027   0x001590    program     static                          
      ___case_50_lbl00031   0x001592    program     static                          
         ___else_lbl00030   0x00159e    program     static                          
           ___if_lbl00029   0x0015a8    program     static                          
           ___if_lbl00028   0x0015a8    program     static                          
           ___?:_lbl00033   0x0015c2    program     static                          
           ___?:_lbl00032   0x0015d2    program     static                          
           ___if_lbl00034   0x0015fe    program     static                          
      ___case_51_lbl00039   0x001600    program     static                          
        ___while_lbl00035   0x001610    program     static                          
        ___while_lbl00036   0x001614    program     static                          
         ___else_lbl00038   0x00161e    program     static                          
           ___if_lbl00037   0x001626    program     static                          
        ___while_lbl00040   0x001636    program     static                          
        ___while_lbl00041   0x00163a    program     static                          
         ___else_lbl00043   0x001644    program     static                          
           ___if_lbl00042   0x00164c    program     static                          
        ___while_lbl00044   0x00165c    program     static                          
        ___while_lbl00045   0x001660    program     static                          
         ___else_lbl00047   0x00166a    program     static                          
           ___if_lbl00046   0x001672    program     static                          
           ___?:_lbl00049   0x00167e    program     static                          
           ___?:_lbl00048   0x00168e    program     static                          
           ___if_lbl00050   0x0016ba    program     static                          
     ___case_255_lbl00051   0x0016bc    program     static                          
      ___default_lbl00052   0x0016c0    program     static                          
   ___switchexit_lbl00013   0x0016c2    program     static                          
           ___if_lbl00053   0x0016e8    program     static                          
       ___return_lbl00010   0x0016e8    program     static                          
           BlinkUSBStatus   0x0016ea    program     extern C:\Documents and Settings\bant\デスクトップ\新しいフォルダ (5)\PIC_Prog\USB_Watt_Meter\main.c
             USBCBSuspend   0x0017a6    program     extern C:\Documents and Settings\bant\デスクトップ\新しいフォルダ (5)\PIC_Prog\USB_Watt_Meter\main.c
     USBCBWakeFromSuspend   0x0017a8    program     extern C:\Documents and Settings\bant\デスクトップ\新しいフォルダ (5)\PIC_Prog\USB_Watt_Meter\main.c
        USBCB_SOF_Handler   0x0017aa    program     extern C:\Documents and Settings\bant\デスクトップ\新しいフォルダ (5)\PIC_Prog\USB_Watt_Meter\main.c
        USBCBErrorHandler   0x0017ac    program     extern C:\Documents and Settings\bant\デスクトップ\新しいフォルダ (5)\PIC_Prog\USB_Watt_Meter\main.c
       USBCBCheckOtherReq   0x0017ae    program     extern C:\Documents and Settings\bant\デスクトップ\新しいフォルダ (5)\PIC_Prog\USB_Watt_Meter\main.c
    USBCBStdSetDscHandler   0x0017b2    program     extern C:\Documents and Settings\bant\デスクトップ\新しいフォルダ (5)\PIC_Prog\USB_Watt_Meter\main.c
              USBCBInitEP   0x0017b4    program     extern C:\Documents and Settings\bant\デスクトップ\新しいフォルダ (5)\PIC_Prog\USB_Watt_Meter\main.c
          USBCBSendResume   0x0017ec    program     extern C:\Documents and Settings\bant\デスクトップ\新しいフォルダ (5)\PIC_Prog\USB_Watt_Meter\main.c
USER_USB_CALLBACK_EVENT_HANDLER   0x001834    program     extern C:\Documents and Settings\bant\デスクトップ\新しいフォルダ (5)\PIC_Prog\USB_Watt_Meter\main.c
       USBCheckHIDRequest   0x0018d2    program     extern C:\tools\Microchip\Microchip Solutions\Microchip\USB\HID Device Driver\usb_function_hid.c
               device_dsc   0x0019aa    program     extern C:\Documents and Settings\bant\デスクトップ\新しいフォルダ (5)\PIC_Prog\USB_Watt_Meter\usb_descriptors.c
        configDescriptor1   0x0019bc    program     extern C:\Documents and Settings\bant\デスクトップ\新しいフォルダ (5)\PIC_Prog\USB_Watt_Meter\usb_descriptors.c
                    sd000   0x0019e5    program     extern C:\Documents and Settings\bant\デスクトップ\新しいフォルダ (5)\PIC_Prog\USB_Watt_Meter\usb_descriptors.c
                    sd001   0x0019e9    program     extern C:\Documents and Settings\bant\デスクトップ\新しいフォルダ (5)\PIC_Prog\USB_Watt_Meter\usb_descriptors.c
                    sd002   0x001a05    program     extern C:\Documents and Settings\bant\デスクトップ\新しいフォルダ (5)\PIC_Prog\USB_Watt_Meter\usb_descriptors.c
                hid_rpt01   0x001a25    program     extern C:\Documents and Settings\bant\デスクトップ\新しいフォルダ (5)\PIC_Prog\USB_Watt_Meter\usb_descriptors.c
               USB_CD_Ptr   0x001a41    program     extern C:\Documents and Settings\bant\デスクトップ\新しいフォルダ (5)\PIC_Prog\USB_Watt_Meter\usb_descriptors.c
               USB_SD_Ptr   0x001a43    program     extern C:\Documents and Settings\bant\デスクトップ\新しいフォルダ (5)\PIC_Prog\USB_Watt_Meter\usb_descriptors.c
                _do_cinit   0x001a4a    program     extern D:\3.43\pic18-lt\cxx-framework\src\traditional\startup\c018i.c
                     test   0x001a64    program     static                          
                copy_loop   0x001abc    program     static                          
            copy_one_byte   0x001ac2    program     static                          
             done_copying   0x001ad0    program     static                          
                     done   0x001ae6    program     static                          
       ___return_lbl00002   0x001ae6    program     static                          
                   memset   0x001ae8    program     extern D:\3.43\pic18-lt\cxx-framework\src\traditional\stdclib\memset.asm
                    jLoop   0x001afc    program     static D:\3.43\pic18-lt\cxx-framework\src\traditional\stdclib\memset.asm
              _2jContinue   0x001b08    program     static D:\3.43\pic18-lt\cxx-framework\src\traditional\stdclib\memset.asm
                   _3jEnd   0x001b12    program     static D:\3.43\pic18-lt\cxx-framework\src\traditional\stdclib\memset.asm
                     jEnd   0x001b1a    program     static D:\3.43\pic18-lt\cxx-framework\src\traditional\stdclib\memset.asm
            __zero_memory   0x001b1c    program     extern D:\3.43\pic18-lt\cxx-framework\src\traditional\proc\p18f14k50.asm
                   loop_h   0x001b2a    program     static D:\3.43\pic18-lt\cxx-framework\src\traditional\proc\p18f14k50.asm
               zero_block   0x001b2a    program     static D:\3.43\pic18-lt\cxx-framework\src\traditional\proc\p18f14k50.asm
                compare_l   0x001b32    program     static D:\3.43\pic18-lt\cxx-framework\src\traditional\proc\p18f14k50.asm
                   loop_l   0x001b34    program     static D:\3.43\pic18-lt\cxx-framework\src\traditional\proc\p18f14k50.asm
                 _startup   0x001b3c    program     extern D:\3.43\pic18-lt\cxx-framework\src\traditional\startup\c018i.c
                     loop   0x001b4c    program     static                          
       ___return_lbl00001   0x001b56    program     static                          
                   __init   0x001b58    program     extern D:\3.43\pic18-lt\cxx-framework\src\traditional\stdclib\__init.c
               __config_0   0x300000    program     static C:\Documents and Settings\bant\デスクトップ\新しいフォルダ (5)\PIC_Prog\USB_Watt_Meter\main.c
               __config_1   0x300001    program     static C:\Documents and Settings\bant\デスクトップ\新しいフォルダ (5)\PIC_Prog\USB_Watt_Meter\main.c
               __config_2   0x300002    program     static C:\Documents and Settings\bant\デスクトップ\新しいフォルダ (5)\PIC_Prog\USB_Watt_Meter\main.c
               __config_3   0x300003    program     static C:\Documents and Settings\bant\デスクトップ\新しいフォルダ (5)\PIC_Prog\USB_Watt_Meter\main.c
               __config_4   0x300005    program     static C:\Documents and Settings\bant\デスクトップ\新しいフォルダ (5)\PIC_Prog\USB_Watt_Meter\main.c
               __config_5   0x300006    program     static C:\Documents and Settings\bant\デスクトップ\新しいフォルダ (5)\PIC_Prog\USB_Watt_Meter\main.c
               __config_6   0x300008    program     static C:\Documents and Settings\bant\デスクトップ\新しいフォルダ (5)\PIC_Prog\USB_Watt_Meter\main.c
                 __AARGB7   0x000000       data     extern D:\3.43\pic18-lt\cxx-framework\src\traditional\math\aarg.asm
                  __REMB3   0x000000       data     extern D:\3.43\pic18-lt\cxx-framework\src\traditional\math\aarg.asm
                 __AARGB6   0x000001       data     extern D:\3.43\pic18-lt\cxx-framework\src\traditional\math\aarg.asm
                  __REMB2   0x000001       data     extern D:\3.43\pic18-lt\cxx-framework\src\traditional\math\aarg.asm
                  __REMB1   0x000002       data     extern D:\3.43\pic18-lt\cxx-framework\src\traditional\math\aarg.asm
                 __AARGB5   0x000002       data     extern D:\3.43\pic18-lt\cxx-framework\src\traditional\math\aarg.asm
                  __REMB0   0x000003       data     extern D:\3.43\pic18-lt\cxx-framework\src\traditional\math\aarg.asm
                 __AARGB4   0x000003       data     extern D:\3.43\pic18-lt\cxx-framework\src\traditional\math\aarg.asm
                 __AARGB3   0x000004       data     extern D:\3.43\pic18-lt\cxx-framework\src\traditional\math\aarg.asm
                 __AARGB2   0x000005       data     extern D:\3.43\pic18-lt\cxx-framework\src\traditional\math\aarg.asm
                 __AARGB1   0x000006       data     extern D:\3.43\pic18-lt\cxx-framework\src\traditional\math\aarg.asm
                 __AARGB0   0x000007       data     extern D:\3.43\pic18-lt\cxx-framework\src\traditional\math\aarg.asm
                   __AEXP   0x000008       data     extern D:\3.43\pic18-lt\cxx-framework\src\traditional\math\aarg.asm
                     SIGN   0x000009       data     extern D:\3.43\pic18-lt\cxx-framework\src\traditional\math\cmath18.asm
                __FPFLAGS   0x00000a       data     extern D:\3.43\pic18-lt\cxx-framework\src\traditional\math\cmath18.asm
            __FPFLAGSbits   0x00000a       data     extern D:\3.43\pic18-lt\cxx-framework\src\traditional\math\cmath18.asm
                  __tmp_0   0x00000b       data     static C:\Documents and Settings\bant\デスクトップ\新しいフォルダ (5)\PIC_Prog\USB_Watt_Meter\main.c
                  __tmp_0   0x00000b       data     static C:\tools\Microchip\Microchip Solutions\Microchip\USB\usb_device.c
           USBDeviceState   0x000060       data     extern C:\tools\Microchip\Microchip Solutions\Microchip\USB\usb_device.c
   USBActiveConfiguration   0x000061       data     extern C:\tools\Microchip\Microchip Solutions\Microchip\USB\usb_device.c
    USBAlternateInterface   0x000062       data     extern C:\tools\Microchip\Microchip Solutions\Microchip\USB\usb_device.c
   pBDTEntryEP0OutCurrent   0x000063       data     extern C:\tools\Microchip\Microchip Solutions\Microchip\USB\usb_device.c
      pBDTEntryEP0OutNext   0x000065       data     extern C:\tools\Microchip\Microchip Solutions\Microchip\USB\usb_device.c
             pBDTEntryOut   0x000067       data     extern C:\tools\Microchip\Microchip Solutions\Microchip\USB\usb_device.c
              pBDTEntryIn   0x00006b       data     extern C:\tools\Microchip\Microchip Solutions\Microchip\USB\usb_device.c
        shortPacketStatus   0x00006f       data     extern C:\tools\Microchip\Microchip Solutions\Microchip\USB\usb_device.c
     controlTransferState   0x000070       data     extern C:\tools\Microchip\Microchip Solutions\Microchip\USB\usb_device.c
                  inPipes   0x000071       data     extern C:\tools\Microchip\Microchip Solutions\Microchip\USB\usb_device.c
                 outPipes   0x000076       data     extern C:\tools\Microchip\Microchip Solutions\Microchip\USB\usb_device.c
                     pDst   0x00007d       data     extern C:\tools\Microchip\Microchip Solutions\Microchip\USB\usb_device.c
             RemoteWakeup   0x00007f       data     extern C:\tools\Microchip\Microchip Solutions\Microchip\USB\usb_device.c
        USBBusIsSuspended   0x000080       data     extern C:\tools\Microchip\Microchip Solutions\Microchip\USB\usb_device.c
                USTATcopy   0x000081       data     extern C:\tools\Microchip\Microchip Solutions\Microchip\USB\usb_device.c
          endpoint_number   0x000082       data     extern C:\tools\Microchip\Microchip Solutions\Microchip\USB\usb_device.c
       BothEP0OutUOWNsSet   0x000083       data     extern C:\tools\Microchip\Microchip Solutions\Microchip\USB\usb_device.c
               ep_data_in   0x000084       data     extern C:\tools\Microchip\Microchip Solutions\Microchip\USB\usb_device.c
              ep_data_out   0x000086       data     extern C:\tools\Microchip\Microchip Solutions\Microchip\USB\usb_device.c
USBStatusStageTimeoutCounter   0x000088       data     extern C:\tools\Microchip\Microchip Solutions\Microchip\USB\usb_device.c
USBDeferStatusStagePacket   0x000089       data     extern C:\tools\Microchip\Microchip Solutions\Microchip\USB\usb_device.c
USBStatusStageEnabledFlag1   0x00008a       data     extern C:\tools\Microchip\Microchip Solutions\Microchip\USB\usb_device.c
USBStatusStageEnabledFlag2   0x00008b       data     extern C:\tools\Microchip\Microchip Solutions\Microchip\USB\usb_device.c
USBDeferINDataStagePackets   0x00008c       data     extern C:\tools\Microchip\Microchip Solutions\Microchip\USB\usb_device.c
USBDeferOUTDataStagePackets   0x00008d       data     extern C:\tools\Microchip\Microchip Solutions\Microchip\USB\usb_device.c
                     prom   0x00008e       data     static D:\3.43\pic18-lt\cxx-framework\src\traditional\startup\c018i.c
                curr_byte   0x000091       data     static D:\3.43\pic18-lt\cxx-framework\src\traditional\startup\c018i.c
               curr_entry   0x000093       data     static D:\3.43\pic18-lt\cxx-framework\src\traditional\startup\c018i.c
                 data_ptr   0x000095       data     static D:\3.43\pic18-lt\cxx-framework\src\traditional\startup\c018i.c
             USBOutHandle   0x000098       data     extern C:\Documents and Settings\bant\デスクトップ\新しいフォルダ (5)\PIC_Prog\USB_Watt_Meter\main.c
              USBInHandle   0x00009a       data     extern C:\Documents and Settings\bant\デスクトップ\新しいフォルダ (5)\PIC_Prog\USB_Watt_Meter\main.c
         blinkStatusValid   0x00009c       data     extern C:\Documents and Settings\bant\デスクトップ\新しいフォルダ (5)\PIC_Prog\USB_Watt_Meter\main.c
                led_count   0x00009d       data     static C:\Documents and Settings\bant\デスクトップ\新しいフォルダ (5)\PIC_Prog\USB_Watt_Meter\main.c
               led_number   0x00009f       data     static C:\Documents and Settings\bant\デスクトップ\新しいフォルダ (5)\PIC_Prog\USB_Watt_Meter\main.c
                  counter   0x0000a1       data     extern C:\Documents and Settings\bant\デスクトップ\新しいフォルダ (5)\PIC_Prog\USB_Watt_Meter\main.c
              delay_count   0x0000a2       data     static C:\Documents and Settings\bant\デスクトップ\新しいフォルダ (5)\PIC_Prog\USB_Watt_Meter\main.c
                idle_rate   0x0000a4       data     extern C:\tools\Microchip\Microchip Solutions\Microchip\USB\HID Device Driver\usb_function_hid.c
          active_protocol   0x0000a5       data     extern C:\tools\Microchip\Microchip Solutions\Microchip\USB\HID Device Driver\usb_function_hid.c
                      BDT   0x000200       data     extern C:\tools\Microchip\Microchip Solutions\Microchip\USB\usb_device.c
                 SetupPkt   0x000220       data     extern C:\tools\Microchip\Microchip Solutions\Microchip\USB\usb_device.c
              CtrlTrfData   0x000228       data     extern C:\tools\Microchip\Microchip Solutions\Microchip\USB\usb_device.c
       ReceivedDataBuffer   0x000230       data     extern C:\Documents and Settings\bant\デスクトップ\新しいフォルダ (5)\PIC_Prog\USB_Watt_Meter\main.c
                  SendBuf   0x000270       data     extern C:\Documents and Settings\bant\デスクトップ\新しいフォルダ (5)\PIC_Prog\USB_Watt_Meter\main.c
                     UEP0   0x000f53       data     extern D:\3.43\pic18-lt\cxx-framework\src\traditional\proc\p18f14k50.asm
                 UEP0bits   0x000f53       data     extern D:\3.43\pic18-lt\cxx-framework\src\traditional\proc\p18f14k50.asm
                     UEP1   0x000f54       data     extern D:\3.43\pic18-lt\cxx-framework\src\traditional\proc\p18f14k50.asm
                 UEP1bits   0x000f54       data     extern D:\3.43\pic18-lt\cxx-framework\src\traditional\proc\p18f14k50.asm
                 UEP2bits   0x000f55       data     extern D:\3.43\pic18-lt\cxx-framework\src\traditional\proc\p18f14k50.asm
                     UEP2   0x000f55       data     extern D:\3.43\pic18-lt\cxx-framework\src\traditional\proc\p18f14k50.asm
[...]
                     DDRA   0x000f92       data     extern D:\3.43\pic18-lt\cxx-framework\src\traditional\proc\p18f14k50.asm
                 DDRBbits   0x000f93       data     extern D:\3.43\pic18-lt\cxx-framework\src\traditional\proc\p18f14k50.asm
                     DDRB   0x000f93       data     extern D:\3.43\pic18-lt\cxx-framework\src\traditional\proc\p18f14k50.asm
                    TRISB   0x000f93       data     extern D:\3.43\pic18-lt\cxx-framework\src\traditional\proc\p18f14k50.asm
                TRISBbits   0x000f93       data     extern D:\3.43\pic18-lt\cxx-framework\src\traditional\proc\p18f14k50.asm
                 DDRCbits   0x000f94       data     extern D:\3.43\pic18-lt\cxx-framework\src\traditional\proc\p18f14k50.asm
                     DDRC   0x000f94       data     extern D:\3.43\pic18-lt\cxx-framework\src\traditional\proc\p18f14k50.asm
                    TRISC   0x000f94       data     extern D:\3.43\pic18-lt\cxx-framework\src\traditional\proc\p18f14k50.asm
                TRISCbits   0x000f94       data     extern D:\3.43\pic18-lt\cxx-framework\src\traditional\proc\p18f14k50.asm
                  OSCTUNE   0x000f9b       data     extern D:\3.43\pic18-lt\cxx-framework\src\traditional\proc\p18f14k50.asm
              OSCTUNEbits   0x000f9b       data     extern D:\3.43\pic18-lt\cxx-framework\src\traditional\proc\p18f14k50.asm
                     PIE1   0x000f9d       data     extern D:\3.43\pic18-lt\cxx-framework\src\traditional\proc\p18f14k50.asm
                 PIE1bits   0x000f9d       data     extern D:\3.43\pic18-lt\cxx-framework\src\traditional\proc\p18f14k50.asm
                     PIR1   0x000f9e       data     extern D:\3.43\pic18-lt\cxx-framework\src\traditional\proc\p18f14k50.asm
                 PIR1bits   0x000f9e       data     extern D:\3.43\pic18-lt\cxx-framework\src\traditional\proc\p18f14k50.asm
                 IPR1bits   0x000f9f       data     extern D:\3.43\pic18-lt\cxx-framework\src\traditional\proc\p18f14k50.asm
                     IPR1   0x000f9f       data     extern D:\3.43\pic18-lt\cxx-framework\src\traditional\proc\p18f14k50.asm
                 PIE2bits   0x000fa0       data     extern D:\3.43\pic18-lt\cxx-framework\src\traditional\proc\p18f14k50.asm
                     PIE2   0x000fa0       data     extern D:\3.43\pic18-lt\cxx-framework\src\traditional\proc\p18f14k50.asm
                     PIR2   0x000fa1       data     extern D:\3.43\pic18-lt\cxx-framework\src\traditional\proc\p18f14k50.asm
                 PIR2bits   0x000fa1       data     extern D:\3.43\pic18-lt\cxx-framework\src\traditional\proc\p18f14k50.asm
                     IPR2   0x000fa2       data     extern D:\3.43\pic18-lt\cxx-framework\src\traditional\proc\p18f14k50.asm
                 IPR2bits   0x000fa2       data     extern D:\3.43\pic18-lt\cxx-framework\src\traditional\proc\p18f14k50.asm
               EECON1bits   0x000fa6       data     extern D:\3.43\pic18-lt\cxx-framework\src\traditional\proc\p18f14k50.asm
                   EECON1   0x000fa6       data     extern D:\3.43\pic18-lt\cxx-framework\src\traditional\proc\p18f14k50.asm
                   EECON2   0x000fa7       data     extern D:\3.43\pic18-lt\cxx-framework\src\traditional\proc\p18f14k50.asm
                   EEDATA   0x000fa8       data     extern D:\3.43\pic18-lt\cxx-framework\src\traditional\proc\p18f14k50.asm
                    EEADR   0x000fa9       data     extern D:\3.43\pic18-lt\cxx-framework\src\traditional\proc\p18f14k50.asm
                EEADRbits   0x000fa9       data     extern D:\3.43\pic18-lt\cxx-framework\src\traditional\proc\p18f14k50.asm
                RCSTAbits   0x000fab       data     extern D:\3.43\pic18-lt\cxx-framework\src\traditional\proc\p18f14k50.asm
                    RCSTA   0x000fab       data     extern D:\3.43\pic18-lt\cxx-framework\src\traditional\proc\p18f14k50.asm
                TXSTAbits   0x000fac       data     extern D:\3.43\pic18-lt\cxx-framework\src\traditional\proc\p18f14k50.asm
                    TXSTA   0x000fac       data     extern D:\3.43\pic18-lt\cxx-framework\src\traditional\proc\p18f14k50.asm
                    TXREG   0x000fad       data     extern D:\3.43\pic18-lt\cxx-framework\src\traditional\proc\p18f14k50.asm
                    RCREG   0x000fae       data     extern D:\3.43\pic18-lt\cxx-framework\src\traditional\proc\p18f14k50.asm
                    SPBRG   0x000faf       data     extern D:\3.43\pic18-lt\cxx-framework\src\traditional\proc\p18f14k50.asm
                   SPBRGH   0x000fb0       data     extern D:\3.43\pic18-lt\cxx-framework\src\traditional\proc\p18f14k50.asm
                T3CONbits   0x000fb1       data     extern D:\3.43\pic18-lt\cxx-framework\src\traditional\proc\p18f14k50.asm
                    T3CON   0x000fb1       data     extern D:\3.43\pic18-lt\cxx-framework\src\traditional\proc\p18f14k50.asm
                    TMR3L   0x000fb2       data     extern D:\3.43\pic18-lt\cxx-framework\src\traditional\proc\p18f14k50.asm
                    TMR3H   0x000fb3       data     extern D:\3.43\pic18-lt\cxx-framework\src\traditional\proc\p18f14k50.asm
              ECCP1ASbits   0x000fb6       data     extern D:\3.43\pic18-lt\cxx-framework\src\traditional\proc\p18f14k50.asm
                  ECCP1AS   0x000fb6       data     extern D:\3.43\pic18-lt\cxx-framework\src\traditional\proc\p18f14k50.asm
              PWM1CONbits   0x000fb7       data     extern D:\3.43\pic18-lt\cxx-framework\src\traditional\proc\p18f14k50.asm
                  PWM1CON   0x000fb7       data     extern D:\3.43\pic18-lt\cxx-framework\src\traditional\proc\p18f14k50.asm
              BAUDCTLbits   0x000fb8       data     extern D:\3.43\pic18-lt\cxx-framework\src\traditional\proc\p18f14k50.asm
                  BAUDCTL   0x000fb8       data     extern D:\3.43\pic18-lt\cxx-framework\src\traditional\proc\p18f14k50.asm
              BAUDCONbits   0x000fb8       data     extern D:\3.43\pic18-lt\cxx-framework\src\traditional\proc\p18f14k50.asm
                  BAUDCON   0x000fb8       data     extern D:\3.43\pic18-lt\cxx-framework\src\traditional\proc\p18f14k50.asm
              PSTRCONbits   0x000fb9       data     extern D:\3.43\pic18-lt\cxx-framework\src\traditional\proc\p18f14k50.asm
                  PSTRCON   0x000fb9       data     extern D:\3.43\pic18-lt\cxx-framework\src\traditional\proc\p18f14k50.asm
                  REFCON0   0x000fba       data     extern D:\3.43\pic18-lt\cxx-framework\src\traditional\proc\p18f14k50.asm
              REFCON0bits   0x000fba       data     extern D:\3.43\pic18-lt\cxx-framework\src\traditional\proc\p18f14k50.asm
                 VREFCON0   0x000fba       data     extern D:\3.43\pic18-lt\cxx-framework\src\traditional\proc\p18f14k50.asm
             VREFCON0bits   0x000fba       data     extern D:\3.43\pic18-lt\cxx-framework\src\traditional\proc\p18f14k50.asm
                 VREFCON1   0x000fbb       data     extern D:\3.43\pic18-lt\cxx-framework\src\traditional\proc\p18f14k50.asm
             VREFCON1bits   0x000fbb       data     extern D:\3.43\pic18-lt\cxx-framework\src\traditional\proc\p18f14k50.asm
                  REFCON1   0x000fbb       data     extern D:\3.43\pic18-lt\cxx-framework\src\traditional\proc\p18f14k50.asm
              REFCON1bits   0x000fbb       data     extern D:\3.43\pic18-lt\cxx-framework\src\traditional\proc\p18f14k50.asm
                 VREFCON2   0x000fbc       data     extern D:\3.43\pic18-lt\cxx-framework\src\traditional\proc\p18f14k50.asm
             VREFCON2bits   0x000fbc       data     extern D:\3.43\pic18-lt\cxx-framework\src\traditional\proc\p18f14k50.asm
                  REFCON2   0x000fbc       data     extern D:\3.43\pic18-lt\cxx-framework\src\traditional\proc\p18f14k50.asm
              REFCON2bits   0x000fbc       data     extern D:\3.43\pic18-lt\cxx-framework\src\traditional\proc\p18f14k50.asm
                  CCP1CON   0x000fbd       data     extern D:\3.43\pic18-lt\cxx-framework\src\traditional\proc\p18f14k50.asm
              CCP1CONbits   0x000fbd       data     extern D:\3.43\pic18-lt\cxx-framework\src\traditional\proc\p18f14k50.asm
                    CCPR1   0x000fbe       data     extern D:\3.43\pic18-lt\cxx-framework\src\traditional\proc\p18f14k50.asm
                   CCPR1L   0x000fbe       data     extern D:\3.43\pic18-lt\cxx-framework\src\traditional\proc\p18f14k50.asm
                   CCPR1H   0x000fbf       data     extern D:\3.43\pic18-lt\cxx-framework\src\traditional\proc\p18f14k50.asm
               ADCON2bits   0x000fc0       data     extern D:\3.43\pic18-lt\cxx-framework\src\traditional\proc\p18f14k50.asm
                   ADCON2   0x000fc0       data     extern D:\3.43\pic18-lt\cxx-framework\src\traditional\proc\p18f14k50.asm
               ADCON1bits   0x000fc1       data     extern D:\3.43\pic18-lt\cxx-framework\src\traditional\proc\p18f14k50.asm
                   ADCON1   0x000fc1       data     extern D:\3.43\pic18-lt\cxx-framework\src\traditional\proc\p18f14k50.asm
                   ADCON0   0x000fc2       data     extern D:\3.43\pic18-lt\cxx-framework\src\traditional\proc\p18f14k50.asm
               ADCON0bits   0x000fc2       data     extern D:\3.43\pic18-lt\cxx-framework\src\traditional\proc\p18f14k50.asm
                    ADRES   0x000fc3       data     extern D:\3.43\pic18-lt\cxx-framework\src\traditional\proc\p18f14k50.asm
                   ADRESL   0x000fc3       data     extern D:\3.43\pic18-lt\cxx-framework\src\traditional\proc\p18f14k50.asm
                   ADRESH   0x000fc4       data     extern D:\3.43\pic18-lt\cxx-framework\src\traditional\proc\p18f14k50.asm
                  SSPCON2   0x000fc5       data     extern D:\3.43\pic18-lt\cxx-framework\src\traditional\proc\p18f14k50.asm
              SSPCON2bits   0x000fc5       data     extern D:\3.43\pic18-lt\cxx-framework\src\traditional\proc\p18f14k50.asm
                  SSPCON1   0x000fc6       data     extern D:\3.43\pic18-lt\cxx-framework\src\traditional\proc\p18f14k50.asm
              SSPCON1bits   0x000fc6       data     extern D:\3.43\pic18-lt\cxx-framework\src\traditional\proc\p18f14k50.asm
                  SSPSTAT   0x000fc7       data     extern D:\3.43\pic18-lt\cxx-framework\src\traditional\proc\p18f14k50.asm
              SSPSTATbits   0x000fc7       data     extern D:\3.43\pic18-lt\cxx-framework\src\traditional\proc\p18f14k50.asm
                   SSPADD   0x000fc8       data     extern D:\3.43\pic18-lt\cxx-framework\src\traditional\proc\p18f14k50.asm
                   SSPBUF   0x000fc9       data     extern D:\3.43\pic18-lt\cxx-framework\src\traditional\proc\p18f14k50.asm
                T2CONbits   0x000fca       data     extern D:\3.43\pic18-lt\cxx-framework\src\traditional\proc\p18f14k50.asm
                    T2CON   0x000fca       data     extern D:\3.43\pic18-lt\cxx-framework\src\traditional\proc\p18f14k50.asm
                      PR2   0x000fcb       data     extern D:\3.43\pic18-lt\cxx-framework\src\traditional\proc\p18f14k50.asm
                     TMR2   0x000fcc       data     extern D:\3.43\pic18-lt\cxx-framework\src\traditional\proc\p18f14k50.asm
                T1CONbits   0x000fcd       data     extern D:\3.43\pic18-lt\cxx-framework\src\traditional\proc\p18f14k50.asm
                    T1CON   0x000fcd       data     extern D:\3.43\pic18-lt\cxx-framework\src\traditional\proc\p18f14k50.asm
                    TMR1L   0x000fce       data     extern D:\3.43\pic18-lt\cxx-framework\src\traditional\proc\p18f14k50.asm
                    TMR1H   0x000fcf       data     extern D:\3.43\pic18-lt\cxx-framework\src\traditional\proc\p18f14k50.asm
                     RCON   0x000fd0       data     extern D:\3.43\pic18-lt\cxx-framework\src\traditional\proc\p18f14k50.asm
                 RCONbits   0x000fd0       data     extern D:\3.43\pic18-lt\cxx-framework\src\traditional\proc\p18f14k50.asm
                   WDTCON   0x000fd1       data     extern D:\3.43\pic18-lt\cxx-framework\src\traditional\proc\p18f14k50.asm
               WDTCONbits   0x000fd1       data     extern D:\3.43\pic18-lt\cxx-framework\src\traditional\proc\p18f14k50.asm
                  OSCCON2   0x000fd2       data     extern D:\3.43\pic18-lt\cxx-framework\src\traditional\proc\p18f14k50.asm
              OSCCON2bits   0x000fd2       data     extern D:\3.43\pic18-lt\cxx-framework\src\traditional\proc\p18f14k50.asm
                   OSCCON   0x000fd3       data     extern D:\3.43\pic18-lt\cxx-framework\src\traditional\proc\p18f14k50.asm
               OSCCONbits   0x000fd3       data     extern D:\3.43\pic18-lt\cxx-framework\src\traditional\proc\p18f14k50.asm
                    T0CON   0x000fd5       data     extern D:\3.43\pic18-lt\cxx-framework\src\traditional\proc\p18f14k50.asm
                T0CONbits   0x000fd5       data     extern D:\3.43\pic18-lt\cxx-framework\src\traditional\proc\p18f14k50.asm
                    TMR0L   0x000fd6       data     extern D:\3.43\pic18-lt\cxx-framework\src\traditional\proc\p18f14k50.asm
                    TMR0H   0x000fd7       data     extern D:\3.43\pic18-lt\cxx-framework\src\traditional\proc\p18f14k50.asm
                   STATUS   0x000fd8       data     extern D:\3.43\pic18-lt\cxx-framework\src\traditional\proc\p18f14k50.asm
               STATUSbits   0x000fd8       data     extern D:\3.43\pic18-lt\cxx-framework\src\traditional\proc\p18f14k50.asm
                    FSR2L   0x000fd9       data     extern D:\3.43\pic18-lt\cxx-framework\src\traditional\proc\p18f14k50.asm
                     FSR2   0x000fd9       data     extern D:\3.43\pic18-lt\cxx-framework\src\traditional\proc\p18f14k50.asm
                    FSR2H   0x000fda       data     extern D:\3.43\pic18-lt\cxx-framework\src\traditional\proc\p18f14k50.asm
                   PLUSW2   0x000fdb       data     extern D:\3.43\pic18-lt\cxx-framework\src\traditional\proc\p18f14k50.asm
                  PREINC2   0x000fdc       data     extern D:\3.43\pic18-lt\cxx-framework\src\traditional\proc\p18f14k50.asm
                 POSTDEC2   0x000fdd       data     extern D:\3.43\pic18-lt\cxx-framework\src\traditional\proc\p18f14k50.asm
                 POSTINC2   0x000fde       data     extern D:\3.43\pic18-lt\cxx-framework\src\traditional\proc\p18f14k50.asm
                    INDF2   0x000fdf       data     extern D:\3.43\pic18-lt\cxx-framework\src\traditional\proc\p18f14k50.asm
                      BSR   0x000fe0       data     extern D:\3.43\pic18-lt\cxx-framework\src\traditional\proc\p18f14k50.asm
                     FSR1   0x000fe1       data     extern D:\3.43\pic18-lt\cxx-framework\src\traditional\proc\p18f14k50.asm
                    FSR1L   0x000fe1       data     extern D:\3.43\pic18-lt\cxx-framework\src\traditional\proc\p18f14k50.asm
                    FSR1H   0x000fe2       data     extern D:\3.43\pic18-lt\cxx-framework\src\traditional\proc\p18f14k50.asm
                   PLUSW1   0x000fe3       data     extern D:\3.43\pic18-lt\cxx-framework\src\traditional\proc\p18f14k50.asm
                  PREINC1   0x000fe4       data     extern D:\3.43\pic18-lt\cxx-framework\src\traditional\proc\p18f14k50.asm
                 POSTDEC1   0x000fe5       data     extern D:\3.43\pic18-lt\cxx-framework\src\traditional\proc\p18f14k50.asm
                 POSTINC1   0x000fe6       data     extern D:\3.43\pic18-lt\cxx-framework\src\traditional\proc\p18f14k50.asm
                    INDF1   0x000fe7       data     extern D:\3.43\pic18-lt\cxx-framework\src\traditional\proc\p18f14k50.asm
                     WREG   0x000fe8       data     extern D:\3.43\pic18-lt\cxx-framework\src\traditional\proc\p18f14k50.asm
                        W   0x000fe8       data     extern D:\3.43\pic18-lt\cxx-framework\src\traditional\proc\p18f14k50.asm
                     FSR0   0x000fe9       data     extern D:\3.43\pic18-lt\cxx-framework\src\traditional\proc\p18f14k50.asm
                    FSR0L   0x000fe9       data     extern D:\3.43\pic18-lt\cxx-framework\src\traditional\proc\p18f14k50.asm
                    FSR0H   0x000fea       data     extern D:\3.43\pic18-lt\cxx-framework\src\traditional\proc\p18f14k50.asm
                   PLUSW0   0x000feb       data     extern D:\3.43\pic18-lt\cxx-framework\src\traditional\proc\p18f14k50.asm
                  PREINC0   0x000fec       data     extern D:\3.43\pic18-lt\cxx-framework\src\traditional\proc\p18f14k50.asm
                 POSTDEC0   0x000fed       data     extern D:\3.43\pic18-lt\cxx-framework\src\traditional\proc\p18f14k50.asm
                 POSTINC0   0x000fee       data     extern D:\3.43\pic18-lt\cxx-framework\src\traditional\proc\p18f14k50.asm
                    INDF0   0x000fef       data     extern D:\3.43\pic18-lt\cxx-framework\src\traditional\proc\p18f14k50.asm
              INTCON3bits   0x000ff0       data     extern D:\3.43\pic18-lt\cxx-framework\src\traditional\proc\p18f14k50.asm
                  INTCON3   0x000ff0       data     extern D:\3.43\pic18-lt\cxx-framework\src\traditional\proc\p18f14k50.asm
              INTCON2bits   0x000ff1       data     extern D:\3.43\pic18-lt\cxx-framework\src\traditional\proc\p18f14k50.asm
                  INTCON2   0x000ff1       data     extern D:\3.43\pic18-lt\cxx-framework\src\traditional\proc\p18f14k50.asm
                   INTCON   0x000ff2       data     extern D:\3.43\pic18-lt\cxx-framework\src\traditional\proc\p18f14k50.asm
               INTCONbits   0x000ff2       data     extern D:\3.43\pic18-lt\cxx-framework\src\traditional\proc\p18f14k50.asm
                     PROD   0x000ff3       data     extern D:\3.43\pic18-lt\cxx-framework\src\traditional\proc\p18f14k50.asm
                    PRODL   0x000ff3       data     extern D:\3.43\pic18-lt\cxx-framework\src\traditional\proc\p18f14k50.asm
                    PRODH   0x000ff4       data     extern D:\3.43\pic18-lt\cxx-framework\src\traditional\proc\p18f14k50.asm
                   TABLAT   0x000ff5       data     extern D:\3.43\pic18-lt\cxx-framework\src\traditional\proc\p18f14k50.asm
                  TBLPTRL   0x000ff6       data     extern D:\3.43\pic18-lt\cxx-framework\src\traditional\proc\p18f14k50.asm
                   TBLPTR   0x000ff6       data     extern D:\3.43\pic18-lt\cxx-framework\src\traditional\proc\p18f14k50.asm
                  TBLPTRH   0x000ff7       data     extern D:\3.43\pic18-lt\cxx-framework\src\traditional\proc\p18f14k50.asm
                  TBLPTRU   0x000ff8       data     extern D:\3.43\pic18-lt\cxx-framework\src\traditional\proc\p18f14k50.asm
                      PCL   0x000ff9       data     extern D:\3.43\pic18-lt\cxx-framework\src\traditional\proc\p18f14k50.asm
                       PC   0x000ff9       data     extern D:\3.43\pic18-lt\cxx-framework\src\traditional\proc\p18f14k50.asm
                   PCLATH   0x000ffa       data     extern D:\3.43\pic18-lt\cxx-framework\src\traditional\proc\p18f14k50.asm
                   PCLATU   0x000ffb       data     extern D:\3.43\pic18-lt\cxx-framework\src\traditional\proc\p18f14k50.asm
                   STKPTR   0x000ffc       data     extern D:\3.43\pic18-lt\cxx-framework\src\traditional\proc\p18f14k50.asm
               STKPTRbits   0x000ffc       data     extern D:\3.43\pic18-lt\cxx-framework\src\traditional\proc\p18f14k50.asm
                      TOS   0x000ffd       data     extern D:\3.43\pic18-lt\cxx-framework\src\traditional\proc\p18f14k50.asm
                     TOSL   0x000ffd       data     extern D:\3.43\pic18-lt\cxx-framework\src\traditional\proc\p18f14k50.asm
                     TOSH   0x000ffe       data     extern D:\3.43\pic18-lt\cxx-framework\src\traditional\proc\p18f14k50.asm
                     TOSU   0x000fff       data     extern D:\3.43\pic18-lt\cxx-framework\src\traditional\proc\p18f14k50.asm


